<html>
<body>
<pre>
<h1>猩ision Build Log</h1>
<h2>Tool Versions:</h2>
IDE-Version: μVision V5.40.0.0
Copyright (C) 2024 ARM Ltd and ARM Germany GmbH. All rights reserved.
License Information: aa aa, aa, LIC=0VRJ7-EPCTZ-F19PT-REX1D-7XGRZ-MFUWF
 
Tool Versions:
Toolchain:       MDK-ARM Professional  Version: 5.40.0.3
Toolchain Path:  C:\Users\busundau\AppData\Local\Keil_v5\ARM\ARM_Compiler_5.06u7\Bin
C Compiler:      Armcc.exe V5.06 update 7 for Certification (build 960)
Assembler:       Armasm.exe V5.06 update 7 for Certification (build 960)
Linker/Locator:  ArmLink.exe V5.06 update 7 for Certification (build 960)
Library Manager: ArmAr.exe V5.06 update 7 for Certification (build 960)
Hex Converter:   FromElf.exe V5.06 update 7 for Certification (build 960)
CPU DLL:         SARMCM3.DLL V5.40.0.3
Dialog DLL:      DARMCM1.DLL V1.19.6.0
    Target DLL: Nu_Link.dll
Dialog DLL:      TARMCM1.DLL V1.14.6.0
 
<h2>Project:</h2>
C:\Users\busundau\Pictures\20250711-103_PTA-B50F__9485-改低電壓警示和電池辨識拿掉-加入檔案編碼自動辨識\Kilews_PTA-B50F.uvproj
Project File Date:  08/26/2025

<h2>Output:</h2>
*** Using Compiler 'V5.06 update 7 for Certification (build 960)', folder: 'C:\Users\busundau\AppData\Local\Keil_v5\ARM\ARM_Compiler_5.06u7\Bin'
Rebuild target 'PTA-B50F'
Before Build - User command #1: del_bin_hex.bat
C:\Users\busundau\Pictures\20250711-103_PTA-B50F__9485-改低電壓警示和電池辨識拿掉-加入檔案編碼自動辨識>del /Q .\Output\*.bin 
C:\Users\busundau\Pictures\20250711-103_PTA-B50F__9485-改低電壓警示和電池辨識拿掉-加入檔案編碼自動辨識>del /Q .\Output\*.hex 
creating preprocessor file for gpio.c...
assembling startup_M051Series.s...
creating preprocessor file for sys.c...
creating preprocessor file for retarget.c...
creating preprocessor file for system_M051Series.c...
creating preprocessor file for clk.c...
creating preprocessor file for uart.c...
creating preprocessor file for pwm.c...
compiling clk.c...
compiling sys.c...
compiling system_M051Series.c...
compiling uart.c...
compiling retarget.c...
compiling gpio.c...
creating preprocessor file for adc.c...
compiling pwm.c...
creating preprocessor file for i2c.c...
compiling adc.c...
creating preprocessor file for fmc.c...
creating preprocessor file for wdt.c...
compiling i2c.c...
compiling fmc.c...
compiling wdt.c...
creating preprocessor file for PtsPta_ADC.c...
creating preprocessor file for PtsPta_FMC.c...
creating preprocessor file for PtsPta_Init.c...
compiling PtsPta_ADC.c...
compiling PtsPta_FMC.c...
creating preprocessor file for PtsPta_InputOutput.c...
creating preprocessor file for PtsPta_ISR.c...
compiling PtsPta_Init.c...
creating preprocessor file for PtsPta_main.c...
compiling PtsPta_InputOutput.c...
creating preprocessor file for PtsPta_Motor.c...
compiling PtsPta_main.c...
creating preprocessor file for PtsPta_NVRAM.c...
compiling PtsPta_ISR.c...
creating preprocessor file for PtsPta_Protection.c...
compiling PtsPta_Motor.c...
compiling PtsPta_NVRAM.c...
compiling PtsPta_Protection.c...
linking...
Program Size: Code=14908 RO-data=472 RW-data=328 ZI-data=632  
FromELF: creating hex file...
After Build - User command #1: fromelf --bin ".\Output\HP_PTA-B50F_M0516_9485.axf" --output ".\Output\HP_PTA-B50F_M0516_9485.bin"
After Build - User command #2: .\hello.bat
[Keil Build] HEX file: .\Output\HP_PTA-B50F_M0516_9485.hex
[Keil Build] CRC32 = 0x1B70379D
[Keil Build] Copied to: C:\Users\busundau\Pictures\20250711-103_PTA-B50F__9485-改低電壓警示和電池辨識拿掉-加入檔案編碼自動辨識\Output\..\Output2\HP_PTA-B50F_M0516_9485_20250826-155915_crc1B70379D.hex
".\Output\HP_PTA-B50F_M0516_9485.axf" - 0 Error(s), 0 Warning(s).
Build Time Elapsed:  00:00:03
</pre>
</body>
</html>
