<html>
<body>
<pre>
<h1>猩ision Build Log</h1>
<h2>Tool Versions:</h2>
IDE-Version: μVision V5.38.0.0
Copyright (C) 2022 ARM Ltd and ARM Germany GmbH. All rights reserved.
License Information: cc cc, cccc, LIC=JDA0P-MVSWG-TLGCD-8X984-LV2YX-N31U2
 
Tool Versions:
Toolchain:       MDK-ARM Professional  Version: 5.38.0.0
Toolchain Path:  C:\Keil_v5\ARM\ARMCC\Bin
C Compiler:      Armcc.exe V5.06 update 7 (build 960)
Assembler:       Armasm.exe V5.06 update 7 (build 960)
Linker/Locator:  ArmLink.exe V5.06 update 7 (build 960)
Library Manager: ArmAr.exe V5.06 update 7 (build 960)
Hex Converter:   FromElf.exe V5.06 update 7 (build 960)
CPU DLL:         SARMCM3.DLL V5.38.0.0
Dialog DLL:      DARMCM1.DLL V1.19.6.0
Target DLL:      Nu_Link.dll V3.21
Dialog DLL:      TARMCM1.DLL V1.14.6.0
 
<h2>Project:</h2>
C:\Users\busundau\Music\project\專案\18-X50\20260108-PTA-X50F_CMK佳德和副廠確認版本v2_過cmk認證\Kilews_PTA-B50F.uvproj
Project File Date:  01/16/2026

<h2>Output:</h2>
*** Using Compiler 'V5.06 update 7 (build 960)', folder: 'C:\Keil_v5\ARM\ARMCC\Bin'
Rebuild target 'PTA-B50F'
Before Build - User command #1: del_bin_hex.bat
C:\Users\busundau\Music\project\專案\18-X50\20260108-PTA-X50F_CMK佳德和副廠確認版本v2_過cmk認證>del /Q .\Output\*.bin 
C:\Users\busundau\Music\project\專案\18-X50\20260108-PTA-X50F_CMK佳德和副廠確認版本v2_過cmk認證>del /Q .\Output\*.hex 
creating preprocessor file for system_M051Series.c...
assembling startup_M051Series.s...
creating preprocessor file for gpio.c...
creating preprocessor file for uart.c...
creating preprocessor file for clk.c...
creating preprocessor file for sys.c...
creating preprocessor file for retarget.c...
creating preprocessor file for pwm.c...
compiling gpio.c...
compiling system_M051Series.c...
creating preprocessor file for adc.c...
compiling uart.c...
compiling retarget.c...
compiling sys.c...
compiling clk.c...
creating preprocessor file for i2c.c...
creating preprocessor file for fmc.c...
creating preprocessor file for wdt.c...
compiling pwm.c...
creating preprocessor file for PtsPta_ADC.c...
compiling adc.c...
creating preprocessor file for PtsPta_FMC.c...
compiling i2c.c...
compiling fmc.c...
creating preprocessor file for PtsPta_Init.c...
compiling wdt.c...
creating preprocessor file for PtsPta_InputOutput.c...
compiling PtsPta_ADC.c...
creating preprocessor file for PtsPta_ISR.c...
creating preprocessor file for PtsPta_main.c...
compiling PtsPta_FMC.c...
creating preprocessor file for PtsPta_Motor.c...
compiling PtsPta_Init.c...
creating preprocessor file for PtsPta_NVRAM.c...
compiling PtsPta_InputOutput.c...
creating preprocessor file for PtsPta_Protection.c...
creating preprocessor file for pid.c...
compiling PtsPta_main.c...
Source\PtsPta_main.c(419): warning:  #223-D: function "motor_algorithm_HI" declared implicitly
  				motor_algorithm_HI();
Source\PtsPta_main.c(423): warning:  #223-D: function "motor_algorithm_LO" declared implicitly
  				motor_algorithm_LO();
Source\PtsPta_main.c(167): warning:  #177-D: variable "i"  was declared but never referenced
  	int i;
Source\PtsPta_main.c: 3 warnings, 0 errors
compiling PtsPta_Motor.c...
compiling PtsPta_NVRAM.c...
compiling PtsPta_ISR.c...
Source\PtsPta_ISR.c(441): warning:  #174-D: expression has no effect
  	btnNow = (G_StartInAdc > (START_THRESHOLD + START_HYST)) ? Down, copy_StartButton = Down : Up, copy_StartButton = Up;
Source\PtsPta_ISR.c(437): warning:  #177-D: variable "S_StartBtnDnCnt"  was declared but never referenced
  	static unsigned int S_Count, S_1ms, S_StartBtnDnCnt, S_StartBtnUpCnt;
Source\PtsPta_ISR.c(437): warning:  #177-D: variable "S_StartBtnUpCnt"  was declared but never referenced
  	static unsigned int S_Count, S_1ms, S_StartBtnDnCnt, S_StartBtnUpCnt;
Source\PtsPta_ISR.c(760): warning:  #14-D: extra text after expected end of preprocessing directive
  #ifdef jacob == 1
Source\PtsPta_ISR.c(710): warning:  #177-D: variable "i"  was declared but never referenced
  	int i;
Source\PtsPta_ISR.c: 5 warnings, 0 errors
compiling PtsPta_Protection.c...
compiling pid.c...
Source\pid.c(16): warning:  #1295-D: Deprecated declaration Motor_Control_cw_Task - give arg types
  void Motor_Control_cw_Task();
Source\pid.c(17): warning:  #1295-D: Deprecated declaration Motor_Control_ccw_Task - give arg types
  void Motor_Control_ccw_Task();
Source\pid.c(557): warning:  #177-D: variable "i"  was declared but never referenced
      uint8_t i;
Source\pid.c(649): warning:  #177-D: variable "i"  was declared but never referenced
      int i, i2;
Source\pid.c(649): warning:  #177-D: variable "i2"  was declared but never referenced
      int i, i2;
Source\pid.c(743): warning:  #223-D: function "Buzzer_LED_Behaving" declared implicitly
              Buzzer_LED_Behaving(&G_BuzzerLED);
Source\pid.c(752): warning:  #223-D: function "Buzzer_LED_Behaving" declared implicitly
              Buzzer_LED_Behaving(&G_BuzzerLED);
Source\pid.c: 7 warnings, 0 errors
linking...
Program Size: Code=15392 RO-data=472 RW-data=456 ZI-data=768  
FromELF: creating hex file...
After Build - User command #1: fromelf --bin ".\Output\PTA-X50F_M051_154d.axf" --output ".\Output\PTA-X50F_M051_154d.bin"
After Build - User command #2: .\hello.bat
[Keil Build] HEX file: .\Output\PTA-X50F_M051_154d.hex
[Keil Build] CRC32 = 0xE17503C7
[Keil Build] Copied to: C:\Users\busundau\Music\project\專案\18-X50\20260108-PTA-X50F_CMK佳德和副廠確認版本v2_過cmk認證\Output\..\Output2\PTA-X50F_M051_154d_20260116-163933_crcE17503C7.hex
".\Output\PTA-X50F_M051_154d.axf" - 0 Error(s), 15 Warning(s).
Build Time Elapsed:  00:00:03
</pre>
</body>
</html>
