Component: ARM Compiler 5.06 update 7 (build 960) Tool: armlink [4d3601]

==============================================================================

Small function inlining results

Inlined total of 0 calls.

==============================================================================

Section Cross References

    system_m051series.o(i.SystemCoreClockUpdate) refers to uidiv.o(.text) for __aeabi_uidivmod
    system_m051series.o(i.SystemCoreClockUpdate) refers to system_m051series.o(.data) for .data
    system_m051series.o(i.SystemCoreClockUpdate) refers to system_m051series.o(.constdata) for .constdata
    startup_m051series.o(RESET) refers to startup_m051series.o(STACK) for __initial_sp
    startup_m051series.o(RESET) refers to startup_m051series.o(.text) for Reset_Handler
    startup_m051series.o(RESET) refers to retarget.o(.emb_text) for HardFault_Handler
    startup_m051series.o(RESET) refers to ptspta_isr.o(i.EINT0_IRQHandler) for EINT0_IRQHandler
    startup_m051series.o(RESET) refers to ptspta_isr.o(i.GPIOP0P1_IRQHandler) for GPIOP0P1_IRQHandler
    startup_m051series.o(RESET) refers to ptspta_isr.o(i.GPIOP2P3P4_IRQHandler) for GPIOP2P3P4_IRQHandler
    startup_m051series.o(RESET) refers to ptspta_isr.o(i.TMR0_IRQHandler) for TMR0_IRQHandler
    startup_m051series.o(RESET) refers to ptspta_isr.o(i.TMR1_IRQHandler) for TMR1_IRQHandler
    startup_m051series.o(.text) refers to system_m051series.o(i.SystemInit) for SystemInit
    startup_m051series.o(.text) refers to entry.o(.ARM.Collect$$$$00000000) for __main
    retarget.o(.emb_text) refers to retarget.o(i.Hard_Fault_Handler) for Hard_Fault_Handler
    retarget.o(i.Hard_Fault_Handler) refers to printf5.o(i.__0printf$5) for __2printf
    retarget.o(i.Hard_Fault_Handler) refers to retarget.o(i.stackDump) for stackDump
    retarget.o(i.SendChar) refers to retarget.o(i.SendChar_ToUART) for SendChar_ToUART
    retarget.o(i._ttywrch) refers to retarget.o(i.SendChar_ToUART) for SendChar_ToUART
    retarget.o(i.fgetc) refers to retarget.o(i.GetChar) for GetChar
    retarget.o(i.fputc) refers to retarget.o(i.SendChar_ToUART) for SendChar_ToUART
    retarget.o(i.stackDump) refers to printf5.o(i.__0printf$5) for __2printf
    clk.o(i.CLK_DisableCKO) refers to clk.o(i.CLK_DisableModuleClock) for CLK_DisableModuleClock
    clk.o(i.CLK_EnableCKO) refers to clk.o(i.CLK_EnableModuleClock) for CLK_EnableModuleClock
    clk.o(i.CLK_EnableCKO) refers to clk.o(i.CLK_SetModuleClock) for CLK_SetModuleClock
    clk.o(i.CLK_EnablePLL) refers to clk.o(i.CLK_WaitClockReady) for CLK_WaitClockReady
    clk.o(i.CLK_EnablePLL) refers to uidiv.o(.text) for __aeabi_uidivmod
    clk.o(i.CLK_GetCPUFreq) refers to system_m051series.o(i.SystemCoreClockUpdate) for SystemCoreClockUpdate
    clk.o(i.CLK_GetCPUFreq) refers to system_m051series.o(.data) for SystemCoreClock
    clk.o(i.CLK_GetHCLKFreq) refers to system_m051series.o(i.SystemCoreClockUpdate) for SystemCoreClockUpdate
    clk.o(i.CLK_GetHCLKFreq) refers to system_m051series.o(.data) for SystemCoreClock
    clk.o(i.CLK_GetPCLKFreq) refers to system_m051series.o(i.SystemCoreClockUpdate) for SystemCoreClockUpdate
    clk.o(i.CLK_GetPCLKFreq) refers to system_m051series.o(.data) for SystemCoreClock
    clk.o(i.CLK_SetCoreClock) refers to clk.o(i.CLK_WaitClockReady) for CLK_WaitClockReady
    clk.o(i.CLK_SetCoreClock) refers to clk.o(i.CLK_EnablePLL) for CLK_EnablePLL
    clk.o(i.CLK_SetCoreClock) refers to clk.o(i.CLK_SetHCLK) for CLK_SetHCLK
    clk.o(i.CLK_SetHCLK) refers to clk.o(i.CLK_WaitClockReady) for CLK_WaitClockReady
    clk.o(i.CLK_SetHCLK) refers to system_m051series.o(i.SystemCoreClockUpdate) for SystemCoreClockUpdate
    uart.o(i.CLK_GetPLLClockFreq) refers to uidiv.o(.text) for __aeabi_uidivmod
    uart.o(i.UART_Open) refers to uart.o(i.CLK_GetPLLClockFreq) for CLK_GetPLLClockFreq
    uart.o(i.UART_Open) refers to uidiv.o(.text) for __aeabi_uidivmod
    uart.o(i.UART_Open) refers to uart.o(.constdata) for .constdata
    uart.o(i.UART_SelectIrDAMode) refers to uart.o(i.CLK_GetPLLClockFreq) for CLK_GetPLLClockFreq
    uart.o(i.UART_SelectIrDAMode) refers to uidiv.o(.text) for __aeabi_uidivmod
    uart.o(i.UART_SelectIrDAMode) refers to uart.o(.constdata) for .constdata
    uart.o(i.UART_SetLine_Config) refers to uart.o(i.CLK_GetPLLClockFreq) for CLK_GetPLLClockFreq
    uart.o(i.UART_SetLine_Config) refers to uidiv.o(.text) for __aeabi_uidivmod
    uart.o(i.UART_SetLine_Config) refers to uart.o(.constdata) for .constdata
    pwm.o(i.PWM_ConfigCaptureChannel) refers to memcpya.o(.text) for __aeabi_memcpy4
    pwm.o(i.PWM_ConfigCaptureChannel) refers to uidiv.o(.text) for __aeabi_uidivmod
    pwm.o(i.PWM_ConfigCaptureChannel) refers to system_m051series.o(i.SystemCoreClockUpdate) for SystemCoreClockUpdate
    pwm.o(i.PWM_ConfigCaptureChannel) refers to pwm.o(.constdata) for .constdata
    pwm.o(i.PWM_ConfigCaptureChannel) refers to system_m051series.o(.data) for SystemCoreClock
[...]
    entry9b.o(.ARM.Collect$$$$0000000C) refers to ptspta_main.o(i.main) for main
    uldiv.o(.text) refers to llushr.o(.text) for __aeabi_llsr
    uldiv.o(.text) refers to llshl.o(.text) for __aeabi_llsl
    dadd.o(.text) refers to llshl.o(.text) for __aeabi_llsl
    dadd.o(.text) refers to llsshr.o(.text) for __aeabi_lasr
    dadd.o(.text) refers to depilogue.o(.text) for _double_epilogue
    dmul.o(.text) refers to depilogue.o(.text) for _double_epilogue
    ddiv.o(.text) refers to depilogue.o(.text) for _double_round
    dfixul.o(.text) refers to llushr.o(.text) for __aeabi_llsr
    dfixul.o(.text) refers to llshl.o(.text) for __aeabi_llsl
    init.o(.text) refers to entry5.o(.ARM.Collect$$$$00000004) for __main_after_scatterload
    depilogue.o(.text) refers to depilogue.o(i.__ARM_clz) for __ARM_clz
    depilogue.o(.text) refers to llshl.o(.text) for __aeabi_llsl
    depilogue.o(.text) refers to llushr.o(.text) for __aeabi_llsr


==============================================================================

Removing Unused input sections from the image.

    Removing system_m051series.o(.rev16_text), (4 bytes).
    Removing system_m051series.o(.revsh_text), (4 bytes).
    Removing startup_m051series.o(HEAP), (0 bytes).
    Removing retarget.o(.rev16_text), (4 bytes).
    Removing retarget.o(.revsh_text), (4 bytes).
    Removing retarget.o(i.GetChar), (20 bytes).
    Removing retarget.o(i.IsDebugFifoEmpty), (16 bytes).
    Removing retarget.o(i.SendChar), (8 bytes).
    Removing retarget.o(i._ttywrch), (8 bytes).
    Removing retarget.o(i.ferror), (6 bytes).
    Removing retarget.o(i.fgetc), (8 bytes).
    Removing retarget.o(i.kbhit), (16 bytes).
    Removing retarget.o(.data), (4 bytes).
    Removing gpio.o(.rev16_text), (4 bytes).
    Removing gpio.o(.revsh_text), (4 bytes).
    Removing gpio.o(i.GPIO_DisableInt), (28 bytes).
    Removing clk.o(.rev16_text), (4 bytes).
    Removing clk.o(.revsh_text), (4 bytes).
    Removing clk.o(i.CLK_DisableCKO), (16 bytes).
    Removing clk.o(i.CLK_DisableModuleClock), (28 bytes).
    Removing clk.o(i.CLK_DisablePLL), (16 bytes).
    Removing clk.o(i.CLK_DisableSysTick), (12 bytes).
    Removing clk.o(i.CLK_DisableXtalRC), (16 bytes).
    Removing clk.o(i.CLK_EnableCKO), (44 bytes).
    Removing clk.o(i.CLK_EnableSysTick), (56 bytes).
    Removing clk.o(i.CLK_GetCPUFreq), (16 bytes).
    Removing clk.o(i.CLK_GetHCLKFreq), (16 bytes).
    Removing clk.o(i.CLK_GetHXTFreq), (20 bytes).
    Removing clk.o(i.CLK_GetPCLKFreq), (16 bytes).
    Removing clk.o(i.CLK_Idle), (32 bytes).
    Removing clk.o(i.CLK_PowerDown), (36 bytes).
    Removing clk.o(i.CLK_SetSysTickClockSrc), (20 bytes).
    Removing sys.o(.rev16_text), (4 bytes).
    Removing sys.o(.revsh_text), (4 bytes).
    Removing sys.o(i.SYS_ClearResetSrc), (12 bytes).
    Removing sys.o(i.SYS_DisableBOD), (14 bytes).
    Removing sys.o(i.SYS_EnableBOD), (36 bytes).
    Removing sys.o(i.SYS_GetBODStatus), (12 bytes).
    Removing sys.o(i.SYS_GetResetSrc), (8 bytes).
    Removing sys.o(i.SYS_IsRegLocked), (16 bytes).
    Removing sys.o(i.SYS_ReadPDID), (8 bytes).
    Removing sys.o(i.SYS_ResetCPU), (14 bytes).
    Removing sys.o(i.SYS_ResetChip), (14 bytes).
    Removing uart.o(.rev16_text), (4 bytes).
    Removing uart.o(.revsh_text), (4 bytes).
    Removing uart.o(i.UART_ClearIntFlag), (48 bytes).
    Removing uart.o(i.UART_Close), (6 bytes).
    Removing uart.o(i.UART_DisableFlowCtrl), (12 bytes).
    Removing uart.o(i.UART_DisableInt), (36 bytes).
    Removing uart.o(i.UART_EnableFlowCtrl), (30 bytes).
    Removing uart.o(i.UART_EnableInt), (36 bytes).
    Removing uart.o(i.UART_Read), (44 bytes).
    Removing uart.o(i.UART_SelectIrDAMode), (132 bytes).
    Removing uart.o(i.UART_SelectLINMode), (24 bytes).
    Removing uart.o(i.UART_SelectRS485Mode), (32 bytes).
    Removing uart.o(i.UART_SetLine_Config), (128 bytes).
    Removing uart.o(i.UART_SetTimeoutCnt), (22 bytes).
    Removing uart.o(i.UART_Write), (44 bytes).
    Removing pwm.o(.rev16_text), (4 bytes).
    Removing pwm.o(.revsh_text), (4 bytes).
    Removing pwm.o(i.PWM_ClearADCTriggerFlag), (10 bytes).
    Removing pwm.o(i.PWM_ClearCaptureIntFlag), (56 bytes).
    Removing pwm.o(i.PWM_ClearDutyIntFlag), (10 bytes).
    Removing pwm.o(i.PWM_ClearPeriodIntFlag), (8 bytes).
    Removing pwm.o(i.PWM_ConfigCaptureChannel), (284 bytes).
    Removing pwm.o(i.PWM_DisableADCTrigger), (16 bytes).
    Removing pwm.o(i.PWM_DisableCapture), (62 bytes).
    Removing pwm.o(i.PWM_DisableCaptureInt), (32 bytes).
    Removing pwm.o(i.PWM_DisableDeadZone), (14 bytes).
    Removing pwm.o(i.PWM_DisableDutyInt), (14 bytes).
    Removing pwm.o(i.PWM_DisableOutput), (8 bytes).
    Removing pwm.o(i.PWM_DisablePeriodInt), (12 bytes).
    Removing pwm.o(i.PWM_EnableADCTrigger), (22 bytes).
    Removing pwm.o(i.PWM_EnableCapture), (62 bytes).
    Removing pwm.o(i.PWM_EnableCaptureInt), (28 bytes).
    Removing pwm.o(i.PWM_EnableDeadZone), (36 bytes).
    Removing pwm.o(i.PWM_EnableDutyInt), (30 bytes).
    Removing pwm.o(i.PWM_EnablePeriodInt), (28 bytes).
    Removing pwm.o(i.PWM_ForceStop), (38 bytes).
    Removing pwm.o(i.PWM_GetADCTriggerFlag), (16 bytes).
    Removing pwm.o(i.PWM_GetCaptureIntFlag), (34 bytes).
    Removing pwm.o(i.PWM_GetDutyIntFlag), (16 bytes).
    Removing pwm.o(i.PWM_GetPeriodIntFlag), (14 bytes).
    Removing pwm.o(i.PWM_Stop), (32 bytes).
    Removing adc.o(.rev16_text), (4 bytes).
    Removing adc.o(.revsh_text), (4 bytes).
    Removing adc.o(i.ADC_Close), (22 bytes).
    Removing adc.o(i.ADC_DisableHWTrigger), (20 bytes).
    Removing adc.o(i.ADC_DisableInt), (44 bytes).
    Removing adc.o(i.ADC_EnableHWTrigger), (60 bytes).
    Removing adc.o(i.ADC_EnableInt), (44 bytes).
    Removing i2c.o(.rev16_text), (4 bytes).
    Removing i2c.o(.revsh_text), (4 bytes).
    Removing i2c.o(i.I2C_ClearTimeoutFlag), (10 bytes).
    Removing i2c.o(i.I2C_Close), (56 bytes).
    Removing i2c.o(i.I2C_DisableInt), (10 bytes).
    Removing i2c.o(i.I2C_DisableTimeout), (10 bytes).
    Removing i2c.o(i.I2C_DisableWakeup), (10 bytes).
    Removing i2c.o(i.I2C_EnableInt), (10 bytes).
    Removing i2c.o(i.I2C_EnableTimeout), (26 bytes).
    Removing i2c.o(i.I2C_EnableWakeup), (10 bytes).
    Removing i2c.o(i.I2C_GetBusClockFreq), (24 bytes).
    Removing i2c.o(i.I2C_GetData), (6 bytes).
    Removing i2c.o(i.I2C_GetIntFlag), (8 bytes).
    Removing i2c.o(i.I2C_GetStatus), (4 bytes).
    Removing i2c.o(i.I2C_Open), (56 bytes).
    Removing i2c.o(i.I2C_SetBusClockFreq), (48 bytes).
    Removing i2c.o(i.I2C_SetData), (4 bytes).
    Removing i2c.o(i.I2C_SetSlaveAddr), (32 bytes).
    Removing i2c.o(i.I2C_SetSlaveAddrMask), (30 bytes).
    Removing i2c.o(i.I2C_Trigger), (48 bytes).
    Removing fmc.o(.rev16_text), (4 bytes).
    Removing fmc.o(.revsh_text), (4 bytes).
    Removing fmc.o(i.FMC_Close), (16 bytes).
    Removing fmc.o(i.FMC_DisableAPUpdate), (16 bytes).
    Removing fmc.o(i.FMC_DisableConfigUpdate), (16 bytes).
    Removing fmc.o(i.FMC_DisableLDUpdate), (16 bytes).
    Removing fmc.o(i.FMC_EnableAPUpdate), (16 bytes).
    Removing fmc.o(i.FMC_EnableConfigUpdate), (16 bytes).
    Removing fmc.o(i.FMC_EnableLDUpdate), (16 bytes).
    Removing fmc.o(i.FMC_GetBootSource), (20 bytes).
    Removing fmc.o(i.FMC_Open), (16 bytes).
    Removing fmc.o(i.FMC_Read), (32 bytes).
    Removing fmc.o(i.FMC_ReadConfig), (34 bytes).
    Removing fmc.o(i.FMC_ReadDataFlashBaseAddr), (12 bytes).
    Removing fmc.o(i.FMC_SetBootSource), (24 bytes).
    Removing fmc.o(i.FMC_WriteConfig), (76 bytes).
    Removing wdt.o(.rev16_text), (4 bytes).
    Removing wdt.o(.revsh_text), (4 bytes).
    Removing ptspta_adc.o(.rev16_text), (4 bytes).
    Removing ptspta_adc.o(.revsh_text), (4 bytes).
    Removing ptspta_fmc.o(.rev16_text), (4 bytes).
    Removing ptspta_fmc.o(.revsh_text), (4 bytes).
    Removing ptspta_fmc.o(.bss), (2048 bytes).
    Removing ptspta_init.o(.rev16_text), (4 bytes).
    Removing ptspta_init.o(.revsh_text), (4 bytes).
    Removing ptspta_inputoutput.o(.rev16_text), (4 bytes).
    Removing ptspta_inputoutput.o(.revsh_text), (4 bytes).
    Removing ptspta_inputoutput.o(i.LED_InterlaceFlicker), (60 bytes).
    Removing ptspta_inputoutput.o(i.vOscillation_P30), (24 bytes).
    Removing ptspta_isr.o(.rev16_text), (4 bytes).
    Removing ptspta_isr.o(.revsh_text), (4 bytes).
    Removing ptspta_isr.o(i.PowerDownFunction), (40 bytes).
    Removing ptspta_isr.o(.data), (1 bytes).
    Removing ptspta_isr.o(.data), (1 bytes).
    Removing ptspta_isr.o(.data), (4 bytes).
    Removing ptspta_isr.o(.data), (1 bytes).
    Removing ptspta_isr.o(.data), (4 bytes).
    Removing ptspta_isr.o(.data), (1 bytes).
    Removing ptspta_main.o(.rev16_text), (4 bytes).
    Removing ptspta_main.o(.revsh_text), (4 bytes).
    Removing ptspta_main.o(i.InitSystem), (16 bytes).
    Removing ptspta_main.o(.bss), (1024 bytes).
    Removing ptspta_main.o(.data), (4 bytes).
    Removing ptspta_main.o(.data), (4 bytes).
    Removing ptspta_main.o(.data), (4 bytes).
    Removing ptspta_main.o(.data), (4 bytes).
    Removing ptspta_main.o(.data), (1 bytes).
    Removing ptspta_main.o(.data), (4 bytes).
    Removing ptspta_main.o(.data), (1 bytes).
    Removing ptspta_main.o(.data), (1 bytes).
    Removing ptspta_main.o(.data), (4 bytes).
    Removing ptspta_main.o(.data), (1 bytes).
    Removing ptspta_main.o(.data), (1 bytes).
    Removing ptspta_motor.o(.rev16_text), (4 bytes).
    Removing ptspta_motor.o(.revsh_text), (4 bytes).
    Removing ptspta_nvram.o(.rev16_text), (4 bytes).
    Removing ptspta_nvram.o(.revsh_text), (4 bytes).
    Removing ptspta_nvram.o(i.CHECK_ID), (40 bytes).
    Removing ptspta_nvram.o(i.CLK_SysTickLongDelay), (64 bytes).
    Removing ptspta_nvram.o(i.CheckBatteryType), (280 bytes).
    Removing ptspta_nvram.o(i.Read_24LC02), (396 bytes).
    Removing ptspta_nvram.o(i.Write_24LC02), (320 bytes).
    Removing ptspta_protection.o(.rev16_text), (4 bytes).
    Removing ptspta_protection.o(.revsh_text), (4 bytes).
    Removing ptspta_protection.o(i.BatteryNTC_Check), (156 bytes).
    Removing pid.o(.rev16_text), (4 bytes).
    Removing pid.o(.revsh_text), (4 bytes).
    Removing pid.o(i.Exponential_PWM_Ramp_CCW), (36 bytes).
    Removing pid.o(i.UpdateCurrent), (68 bytes).
    Removing pid.o(i.UpdateSpeed_CCW), (68 bytes).
    Removing pid.o(i.UpdateSpeed_CW), (68 bytes).
    Removing pid.o(i.delayms), (44 bytes).
    Removing pid.o(i.moving_average), (70 bytes).
    Removing pid.o(i.uvw_check_function), (88 bytes).
    Removing pid.o(.data), (4 bytes).
    Removing pid.o(.data), (4 bytes).
    Removing pid.o(.data), (4 bytes).
    Removing pid.o(.data), (4 bytes).
    Removing pid.o(.data), (4 bytes).
    Removing pid.o(.data), (4 bytes).
    Removing pid.o(.data), (4 bytes).
    Removing pid.o(.data), (2400 bytes).
    Removing pid.o(.data), (4 bytes).
    Removing pid.o(.data), (4 bytes).
    Removing fadd.o(.text), (178 bytes).
    Removing fdiv.o(.text), (124 bytes).
    Removing dadd.o(.text), (360 bytes).
    Removing dmul.o(.text), (208 bytes).
    Removing ddiv.o(.text), (240 bytes).
    Removing dfixul.o(.text), (64 bytes).
    Removing cdrcmple.o(.text), (40 bytes).
    Removing depilogue.o(.text), (190 bytes).
    Removing depilogue.o(i.__ARM_clz), (46 bytes).

204 unused section(s) (total 11991 bytes) removed from the image.

==============================================================================

Image Symbol Table

    Local Symbols

    Symbol Name                              Value     Ov Type        Size  Object(Section)

    RESET                                    0x00000000   Section      192  startup_m051series.o(RESET)
    ../clib/microlib/division.c              0x00000000   Number         0  uldiv.o ABSOLUTE
    ../clib/microlib/division.c              0x00000000   Number         0  uidiv.o ABSOLUTE
    ../clib/microlib/init/entry.s            0x00000000   Number         0  entry9b.o ABSOLUTE
    ../clib/microlib/init/entry.s            0x00000000   Number         0  entry2.o ABSOLUTE
    ../clib/microlib/init/entry.s            0x00000000   Number         0  entry11b.o ABSOLUTE
    ../clib/microlib/init/entry.s            0x00000000   Number         0  entry11a.o ABSOLUTE
    ../clib/microlib/init/entry.s            0x00000000   Number         0  entry10b.o ABSOLUTE
    ../clib/microlib/init/entry.s            0x00000000   Number         0  entry10a.o ABSOLUTE
    ../clib/microlib/init/entry.s            0x00000000   Number         0  entry.o ABSOLUTE
    ../clib/microlib/init/entry.s            0x00000000   Number         0  entry9a.o ABSOLUTE
    ../clib/microlib/init/entry.s            0x00000000   Number         0  entry8b.o ABSOLUTE
    ../clib/microlib/init/entry.s            0x00000000   Number         0  entry8a.o ABSOLUTE
    ../clib/microlib/init/entry.s            0x00000000   Number         0  entry7b.o ABSOLUTE
    ../clib/microlib/init/entry.s            0x00000000   Number         0  entry7a.o ABSOLUTE
    ../clib/microlib/init/entry.s            0x00000000   Number         0  entry5.o ABSOLUTE
    ../clib/microlib/init/entry.s            0x00000000   Number         0  entry12b.o ABSOLUTE
    ../clib/microlib/init/entry.s            0x00000000   Number         0  entry12a.o ABSOLUTE
    ../clib/microlib/longlong.c              0x00000000   Number         0  llshl.o ABSOLUTE
    ../clib/microlib/longlong.c              0x00000000   Number         0  llushr.o ABSOLUTE
    ../clib/microlib/longlong.c              0x00000000   Number         0  llsshr.o ABSOLUTE
    ../clib/microlib/printf/printf.c         0x00000000   Number         0  printf5.o ABSOLUTE
    ../clib/microlib/printf/printf.c         0x00000000   Number         0  printf6.o ABSOLUTE
    ../clib/microlib/printf/printf.c         0x00000000   Number         0  printf7.o ABSOLUTE
    ../clib/microlib/printf/printf.c         0x00000000   Number         0  printf8.o ABSOLUTE
    ../clib/microlib/printf/printf.c         0x00000000   Number         0  printfa.o ABSOLUTE
    ../clib/microlib/printf/printf.c         0x00000000   Number         0  printfb.o ABSOLUTE
    ../clib/microlib/printf/printf.c         0x00000000   Number         0  printf0.o ABSOLUTE
    ../clib/microlib/printf/printf.c         0x00000000   Number         0  printf1.o ABSOLUTE
    ../clib/microlib/printf/printf.c         0x00000000   Number         0  printf2.o ABSOLUTE
    ../clib/microlib/printf/printf.c         0x00000000   Number         0  printf3.o ABSOLUTE
    ../clib/microlib/printf/printf.c         0x00000000   Number         0  printf4.o ABSOLUTE
    ../clib/microlib/printf/stubs.s          0x00000000   Number         0  stubs.o ABSOLUTE
    ../clib/microlib/string/memcpy.c         0x00000000   Number         0  memcpyb.o ABSOLUTE
    ../clib/microlib/string/memcpy.c         0x00000000   Number         0  memcpya.o ABSOLUTE
    ../clib/microlib/stubs.s                 0x00000000   Number         0  iusefp.o ABSOLUTE
    ../fplib/microlib/fpadd.c                0x00000000   Number         0  dadd.o ABSOLUTE
    ../fplib/microlib/fpadd.c                0x00000000   Number         0  fadd.o ABSOLUTE
    ../fplib/microlib/fpdiv.c                0x00000000   Number         0  ddiv.o ABSOLUTE
    ../fplib/microlib/fpdiv.c                0x00000000   Number         0  fdiv.o ABSOLUTE
    ../fplib/microlib/fpepilogue.c           0x00000000   Number         0  fepilogue.o ABSOLUTE
    ../fplib/microlib/fpepilogue.c           0x00000000   Number         0  depilogue.o ABSOLUTE
    ../fplib/microlib/fpfix.c                0x00000000   Number         0  dfixul.o ABSOLUTE
    ../fplib/microlib/fpfix.c                0x00000000   Number         0  ffixi.o ABSOLUTE
    ../fplib/microlib/fpflt.c                0x00000000   Number         0  ffltui.o ABSOLUTE
    ../fplib/microlib/fpmul.c                0x00000000   Number         0  dmul.o ABSOLUTE
    ../fplib/microlib/fpscalb.c              0x00000000   Number         0  fscalb.o ABSOLUTE
    CMSIS\\system_M051Series.c               0x00000000   Number         0  system_m051series.o ABSOLUTE
    CMSIS\startup_M051Series.s               0x00000000   Number         0  startup_m051series.o ABSOLUTE
    CMSIS\system_M051Series.c                0x00000000   Number         0  system_m051series.o ABSOLUTE
    Library\\adc.c                           0x00000000   Number         0  adc.o ABSOLUTE
    Library\\clk.c                           0x00000000   Number         0  clk.o ABSOLUTE
    Library\\fmc.c                           0x00000000   Number         0  fmc.o ABSOLUTE
    Library\\gpio.c                          0x00000000   Number         0  gpio.o ABSOLUTE
    Library\\i2c.c                           0x00000000   Number         0  i2c.o ABSOLUTE
    Library\\pwm.c                           0x00000000   Number         0  pwm.o ABSOLUTE
    Library\\retarget.c                      0x00000000   Number         0  retarget.o ABSOLUTE
    Library\\sys.c                           0x00000000   Number         0  sys.o ABSOLUTE
    Library\\uart.c                          0x00000000   Number         0  uart.o ABSOLUTE
    Library\\wdt.c                           0x00000000   Number         0  wdt.o ABSOLUTE
    Library\adc.c                            0x00000000   Number         0  adc.o ABSOLUTE
    Library\clk.c                            0x00000000   Number         0  clk.o ABSOLUTE
    Library\fmc.c                            0x00000000   Number         0  fmc.o ABSOLUTE
    Library\gpio.c                           0x00000000   Number         0  gpio.o ABSOLUTE
    Library\i2c.c                            0x00000000   Number         0  i2c.o ABSOLUTE
    Library\pwm.c                            0x00000000   Number         0  pwm.o ABSOLUTE
    Library\retarget.c                       0x00000000   Number         0  retarget.o ABSOLUTE
    Library\sys.c                            0x00000000   Number         0  sys.o ABSOLUTE
    Library\uart.c                           0x00000000   Number         0  uart.o ABSOLUTE
    Library\wdt.c                            0x00000000   Number         0  wdt.o ABSOLUTE
    Source\PtsPta_ADC.c                      0x00000000   Number         0  ptspta_adc.o ABSOLUTE
    Source\PtsPta_FMC.c                      0x00000000   Number         0  ptspta_fmc.o ABSOLUTE
    Source\PtsPta_ISR.c                      0x00000000   Number         0  ptspta_isr.o ABSOLUTE
    Source\PtsPta_Init.c                     0x00000000   Number         0  ptspta_init.o ABSOLUTE
    Source\PtsPta_InputOutput.c              0x00000000   Number         0  ptspta_inputoutput.o ABSOLUTE
    Source\PtsPta_Motor.c                    0x00000000   Number         0  ptspta_motor.o ABSOLUTE
    Source\PtsPta_NVRAM.c                    0x00000000   Number         0  ptspta_nvram.o ABSOLUTE
    Source\PtsPta_Protection.c               0x00000000   Number         0  ptspta_protection.o ABSOLUTE
    Source\PtsPta_main.c                     0x00000000   Number         0  ptspta_main.o ABSOLUTE
    Source\\PtsPta_ADC.c                     0x00000000   Number         0  ptspta_adc.o ABSOLUTE
    Source\\PtsPta_FMC.c                     0x00000000   Number         0  ptspta_fmc.o ABSOLUTE
    Source\\PtsPta_ISR.c                     0x00000000   Number         0  ptspta_isr.o ABSOLUTE
    Source\\PtsPta_Init.c                    0x00000000   Number         0  ptspta_init.o ABSOLUTE
    Source\\PtsPta_InputOutput.c             0x00000000   Number         0  ptspta_inputoutput.o ABSOLUTE
    Source\\PtsPta_Motor.c                   0x00000000   Number         0  ptspta_motor.o ABSOLUTE
    Source\\PtsPta_NVRAM.c                   0x00000000   Number         0  ptspta_nvram.o ABSOLUTE
    Source\\PtsPta_Protection.c              0x00000000   Number         0  ptspta_protection.o ABSOLUTE
    Source\\PtsPta_main.c                    0x00000000   Number         0  ptspta_main.o ABSOLUTE
    Source\\pid.c                            0x00000000   Number         0  pid.o ABSOLUTE
    Source\pid.c                             0x00000000   Number         0  pid.o ABSOLUTE
    cdrcmple.s                               0x00000000   Number         0  cdrcmple.o ABSOLUTE
    handlers.s                               0x00000000   Number         0  handlers.o ABSOLUTE
    init.s                                   0x00000000   Number         0  init.o ABSOLUTE
    .ARM.Collect$$$$00000000                 0x000000c0   Section        0  entry.o(.ARM.Collect$$$$00000000)
    .ARM.Collect$$$$00000001                 0x000000c0   Section        4  entry2.o(.ARM.Collect$$$$00000001)
    .ARM.Collect$$$$00000004                 0x000000c4   Section        4  entry5.o(.ARM.Collect$$$$00000004)
    .ARM.Collect$$$$00000008                 0x000000c8   Section        0  entry7b.o(.ARM.Collect$$$$00000008)
    .ARM.Collect$$$$0000000A                 0x000000c8   Section        0  entry8b.o(.ARM.Collect$$$$0000000A)
    .ARM.Collect$$$$0000000B                 0x000000c8   Section        8  entry9a.o(.ARM.Collect$$$$0000000B)
    .ARM.Collect$$$$0000000E                 0x000000d0   Section        4  entry12b.o(.ARM.Collect$$$$0000000E)
    .ARM.Collect$$$$0000000F                 0x000000d4   Section        0  entry10a.o(.ARM.Collect$$$$0000000F)
    .ARM.Collect$$$$00000011                 0x000000d4   Section        0  entry11a.o(.ARM.Collect$$$$00000011)
    .ARM.Collect$$$$00002712                 0x000000d4   Section        4  entry2.o(.ARM.Collect$$$$00002712)
    __lit__00000000                          0x000000d4   Data           4  entry2.o(.ARM.Collect$$$$00002712)
    .emb_text                                0x000000d8   Section       28  retarget.o(.emb_text)
    .text                                    0x000000f4   Section       76  startup_m051series.o(.text)
    Default_Handler                          0x0000011f   Thumb Code     2  startup_m051series.o(.text)
    .text                                    0x00000140   Section        0  uidiv.o(.text)
    .text                                    0x0000016c   Section        0  memcpya.o(.text)
    .text                                    0x00000190   Section        0  fscalb.o(.text)
    .text                                    0x000001a8   Section        0  ffltui.o(.text)
    .text                                    0x000001b6   Section        0  ffixi.o(.text)
    .text                                    0x000001e8   Section        0  uldiv.o(.text)
    .text                                    0x00000248   Section        0  iusefp.o(.text)
    .text                                    0x00000248   Section        0  fepilogue.o(.text)
    .text                                    0x000002cc   Section       36  init.o(.text)
    .text                                    0x000002f0   Section        0  llshl.o(.text)
    .text                                    0x00000310   Section        0  llushr.o(.text)
    i.ADC2Voltage                            0x00000334   Section        0  ptspta_adc.o(i.ADC2Voltage)
    i.ADC_Init                               0x00000348   Section        0  ptspta_init.o(i.ADC_Init)
    i.ADC_Open                               0x00000380   Section        0  adc.o(i.ADC_Open)
    i.Buzzer_LED_Behaving                    0x000003a4   Section        0  ptspta_inputoutput.o(i.Buzzer_LED_Behaving)
    i.CLK_EnableModuleClock                  0x0000064c   Section        0  clk.o(i.CLK_EnableModuleClock)
    i.CLK_EnablePLL                          0x00000668   Section        0  clk.o(i.CLK_EnablePLL)
    i.CLK_EnableXtalRC                       0x00000800   Section        0  clk.o(i.CLK_EnableXtalRC)
    i.CLK_GetPLLClockFreq                    0x00000810   Section        0  uart.o(i.CLK_GetPLLClockFreq)
    CLK_GetPLLClockFreq                      0x00000811   Thumb Code    70  uart.o(i.CLK_GetPLLClockFreq)
    i.CLK_SetCoreClock                       0x00000868   Section        0  clk.o(i.CLK_SetCoreClock)
    i.CLK_SetHCLK                            0x000008e0   Section        0  clk.o(i.CLK_SetHCLK)
    i.CLK_SetModuleClock                     0x0000092c   Section        0  clk.o(i.CLK_SetModuleClock)
    i.CLK_SysTickLongDelay                   0x0000097c   Section        0  ptspta_inputoutput.o(i.CLK_SysTickLongDelay)
    CLK_SysTickLongDelay                     0x0000097d   Thumb Code    50  ptspta_inputoutput.o(i.CLK_SysTickLongDelay)
    i.CLK_SysTickLongDelay                   0x000009bc   Section        0  ptspta_isr.o(i.CLK_SysTickLongDelay)
    CLK_SysTickLongDelay                     0x000009bd   Thumb Code    50  ptspta_isr.o(i.CLK_SysTickLongDelay)
    i.CLK_WaitClockReady                     0x000009fc   Section        0  clk.o(i.CLK_WaitClockReady)
    i.CheckDirection                         0x00000a28   Section        0  ptspta_inputoutput.o(i.CheckDirection)
    i.EINT0_IRQHandler                       0x00000b30   Section        0  ptspta_isr.o(i.EINT0_IRQHandler)
    i.EraseFlash                             0x00000c7c   Section        0  ptspta_fmc.o(i.EraseFlash)
    i.GPIOP0P1_IRQHandler                    0x00000cc0   Section        0  ptspta_isr.o(i.GPIOP0P1_IRQHandler)
    i.GPIOP2P3P4_IRQHandler                  0x00001114   Section        0  ptspta_isr.o(i.GPIOP2P3P4_IRQHandler)
    i.GPIO_EnableInt                         0x00001178   Section        0  gpio.o(i.GPIO_EnableInt)
    i.GPIO_Init                              0x00001194   Section        0  ptspta_init.o(i.GPIO_Init)
    i.GPIO_SetMode                           0x00001430   Section        0  gpio.o(i.GPIO_SetMode)
    i.GetADCValue                            0x00001458   Section        0  ptspta_adc.o(i.GetADCValue)
    i.Hard_Fault_Handler                     0x000015c0   Section        0  retarget.o(i.Hard_Fault_Handler)
    __tagsym$$used                           0x000015c1   Number         0  retarget.o(i.Hard_Fault_Handler)
    i.I2C_Init                               0x000015e8   Section        0  ptspta_init.o(i.I2C_Init)
    i.LED_Flicker_B                          0x00001610   Section        0  ptspta_isr.o(i.LED_Flicker_B)
    i.Motor                                  0x00001724   Section        0  ptspta_motor.o(i.Motor)
    i.MotorStart                             0x00001830   Section        0  ptspta_motor.o(i.MotorStart)
    i.Motor_Temperature_Check                0x0000194c   Section        0  ptspta_protection.o(i.Motor_Temperature_Check)
    i.NVIC_EnableIRQ                         0x00001a30   Section        0  ptspta_init.o(i.NVIC_EnableIRQ)
    NVIC_EnableIRQ                           0x00001a31   Thumb Code    14  ptspta_init.o(i.NVIC_EnableIRQ)
    i.NVIC_SetPriority                       0x00001a44   Section        0  ptspta_main.o(i.NVIC_SetPriority)
    NVIC_SetPriority                         0x00001a45   Thumb Code    60  ptspta_main.o(i.NVIC_SetPriority)
    i.OverCurrent_Check                      0x00001a88   Section        0  ptspta_protection.o(i.OverCurrent_Check)
    i.PCB_Temperature_Check                  0x00001b60   Section        0  ptspta_protection.o(i.PCB_Temperature_Check)
    i.PID_ParamInit_HI_CCW                   0x00001c1c   Section        0  pid.o(i.PID_ParamInit_HI_CCW)
    i.PID_ParamInit_HI_CW                    0x00001c44   Section        0  pid.o(i.PID_ParamInit_HI_CW)
    i.PID_ParamInit_LO_CCW                   0x00001c6c   Section        0  pid.o(i.PID_ParamInit_LO_CCW)
    i.PID_ParamInit_LO_CW                    0x00001c94   Section        0  pid.o(i.PID_ParamInit_LO_CW)
    i.PWM_ConfigOutputChannel                0x00001cbc   Section        0  pwm.o(i.PWM_ConfigOutputChannel)
    i.PWM_EnableOutput                       0x00001dfc   Section        0  pwm.o(i.PWM_EnableOutput)
    i.PWM_Init                               0x00001e04   Section        0  ptspta_init.o(i.PWM_Init)
    i.PWM_Start                              0x00001f40   Section        0  pwm.o(i.PWM_Start)
    i.ReadFlashData                          0x00001f68   Section        0  ptspta_fmc.o(i.ReadFlashData)
    i.SYS_Init                               0x00001f9c   Section        0  ptspta_main.o(i.SYS_Init)
    i.SYS_ResetModule                        0x00001fc4   Section        0  sys.o(i.SYS_ResetModule)
    i.SYS_UnlockReg                          0x00001fe0   Section        0  ptspta_fmc.o(i.SYS_UnlockReg)
    SYS_UnlockReg                            0x00001fe1   Thumb Code    26  ptspta_fmc.o(i.SYS_UnlockReg)
    i.SaveData2Flash                         0x00002000   Section        0  ptspta_fmc.o(i.SaveData2Flash)
    i.SendChar_ToUART                        0x0000203c   Section        0  retarget.o(i.SendChar_ToUART)
    i.SetPWMCMR                              0x0000205c   Section        0  ptspta_motor.o(i.SetPWMCMR)
    i.SpdPIDCalc_HI_CCW_Q16                  0x00002070   Section        0  pid.o(i.SpdPIDCalc_HI_CCW_Q16)
    i.SpdPIDCalc_HI_CW_Q16                   0x000020d8   Section        0  pid.o(i.SpdPIDCalc_HI_CW_Q16)
    i.SpdPIDCalc_LO_CCW_Q16                  0x00002140   Section        0  pid.o(i.SpdPIDCalc_LO_CCW_Q16)
    i.SpdPIDCalc_LO_CW_Q16                   0x000021a8   Section        0  pid.o(i.SpdPIDCalc_LO_CW_Q16)
    i.SystemCoreClockUpdate                  0x00002210   Section        0  system_m051series.o(i.SystemCoreClockUpdate)
    i.SystemInit                             0x000022a0   Section        0  system_m051series.o(i.SystemInit)
    i.TIMER_Init                             0x000022a4   Section        0  ptspta_init.o(i.TIMER_Init)
    i.TMR0_IRQHandler                        0x00002324   Section        0  ptspta_isr.o(i.TMR0_IRQHandler)
    i.TMR1_IRQHandler                        0x000025fc   Section        0  ptspta_isr.o(i.TMR1_IRQHandler)
    i.UART0_Init                             0x00003070   Section        0  ptspta_init.o(i.UART0_Init)
    i.UART_Open                              0x000030a4   Section        0  uart.o(i.UART_Open)
    i.Variable_Init                          0x0000312c   Section        0  ptspta_init.o(i.Variable_Init)
    i.WDT_Init                               0x00003204   Section        0  ptspta_init.o(i.WDT_Init)
    i.WDT_Open                               0x00003258   Section        0  wdt.o(i.WDT_Open)
    i.__0printf$5                            0x00003274   Section        0  printf5.o(i.__0printf$5)
    i.__ARM_common_ll_mulss                  0x00003294   Section        0  pid.o(i.__ARM_common_ll_mulss)
    i.__ARM_common_switch8                   0x000032c4   Section        0  ptspta_inputoutput.o(i.__ARM_common_switch8)
    i.__scatterload_copy                     0x000032de   Section       14  handlers.o(i.__scatterload_copy)
    i.__scatterload_null                     0x000032ec   Section        2  handlers.o(i.__scatterload_null)
    i.__scatterload_zeroinit                 0x000032ee   Section       14  handlers.o(i.__scatterload_zeroinit)
    i._printf_core                           0x000032fc   Section        0  printf5.o(i._printf_core)
    _printf_core                             0x000032fd   Thumb Code   680  printf5.o(i._printf_core)
    i.default_init                           0x000035d0   Section        0  pid.o(i.default_init)
    i.detect_enter_boot_speed_CCW_HI         0x0000366c   Section        0  pid.o(i.detect_enter_boot_speed_CCW_HI)
    i.detect_enter_boot_speed_CCW_LO         0x000036b0   Section        0  pid.o(i.detect_enter_boot_speed_CCW_LO)
    i.detect_enter_boot_speed_CW_HI          0x000036f4   Section        0  pid.o(i.detect_enter_boot_speed_CW_HI)
    i.detect_enter_boot_speed_CW_LO          0x00003748   Section        0  pid.o(i.detect_enter_boot_speed_CW_LO)
    i.fputc                                  0x0000379c   Section        0  retarget.o(i.fputc)
    i.main                                   0x000037a8   Section        0  ptspta_main.o(i.main)
    i.motor_algorithm_HI                     0x00003a40   Section        0  pid.o(i.motor_algorithm_HI)
    i.motor_algorithm_LO                     0x00003ae8   Section        0  pid.o(i.motor_algorithm_LO)
    i.parm_init                              0x00003b90   Section        0  pid.o(i.parm_init)
    i.pwm_clamp_to_uint                      0x00003c20   Section        0  pid.o(i.pwm_clamp_to_uint)
    i.stackDump                              0x00003c38   Section        0  retarget.o(i.stackDump)
    stackDump                                0x00003c39   Thumb Code    70  retarget.o(i.stackDump)
    .constdata                               0x00003ce0   Section       32  system_m051series.o(.constdata)
    .constdata                               0x00003d00   Section       48  uart.o(.constdata)
    .constdata                               0x00003d30   Section      168  pwm.o(.constdata)
    .data                                    0x20000000   Section       12  system_m051series.o(.data)
    .data                                    0x2000000c   Section        4  retarget.o(.data)
    .data                                    0x20000010   Section        2  ptspta_adc.o(.data)
    i_Arry                                   0x20000010   Data           1  ptspta_adc.o(.data)
    ArryFull                                 0x20000011   Data           1  ptspta_adc.o(.data)
    .data                                    0x20000014   Section       12  ptspta_inputoutput.o(.data)
    S_BeforeMode                             0x20000014   Data           1  ptspta_inputoutput.o(.data)
    S_KeepFlg                                0x20000015   Data           1  ptspta_inputoutput.o(.data)
    mu8BuzCycle                              0x20000016   Data           1  ptspta_inputoutput.o(.data)
    mu8DirBeforeStus                         0x20000017   Data           1  ptspta_inputoutput.o(.data)
    S_Count                                  0x20000018   Data           4  ptspta_inputoutput.o(.data)
    S_Count                                  0x2000001c   Data           4  ptspta_inputoutput.o(.data)
    .data                                    0x20000020   Section       64  ptspta_isr.o(.data)
    btnStable                                0x20000020   Data           1  ptspta_isr.o(.data)
    btnLast                                  0x20000021   Data           1  ptspta_isr.o(.data)
    TurnOffLed                               0x20000023   Data           1  ptspta_isr.o(.data)
    S_HallSensorCount                        0x20000024   Data           1  ptspta_isr.o(.data)
    BefHallSensor                            0x20000025   Data           1  ptspta_isr.o(.data)
    U_Phase                                  0x20000026   Data           1  ptspta_isr.o(.data)
    V_Phase                                  0x20000027   Data           1  ptspta_isr.o(.data)
    W_Phase                                  0x20000028   Data           1  ptspta_isr.o(.data)
    S_1s                                     0x20000029   Data           1  ptspta_isr.o(.data)
    S_Debounce10V5_11V                       0x2000002a   Data           1  ptspta_isr.o(.data)
    S_Flg_LowBattery                         0x2000002b   Data           1  ptspta_isr.o(.data)
    S_Flg_DirIsBrakeOf10V5_11V               0x2000002c   Data           1  ptspta_isr.o(.data)
    S_Flag                                   0x2000002d   Data           1  ptspta_isr.o(.data)
    S_DownKey                                0x2000002e   Data           1  ptspta_isr.o(.data)
    S_UPKey                                  0x2000002f   Data           1  ptspta_isr.o(.data)
    mu8DoubleCount                           0x20000030   Data           1  ptspta_isr.o(.data)
    debounceCnt                              0x20000034   Data           4  ptspta_isr.o(.data)
    Count                                    0x20000038   Data           4  ptspta_isr.o(.data)
    Times                                    0x2000003c   Data           4  ptspta_isr.o(.data)
    S_Count                                  0x20000040   Data           4  ptspta_isr.o(.data)
    S_1ms                                    0x20000044   Data           4  ptspta_isr.o(.data)
    S_Debounce10V5                           0x20000048   Data           4  ptspta_isr.o(.data)
    S_MiddleBrakeCnt                         0x2000004c   Data           4  ptspta_isr.o(.data)
    .data                                    0x20000060   Section        4  ptspta_isr.o(.data)
    .data                                    0x20000064   Section       20  ptspta_main.o(.data)
    .data                                    0x20000078   Section        4  ptspta_main.o(.data)
    .data                                    0x2000007c   Section        4  ptspta_main.o(.data)
    .data                                    0x20000080   Section        8  ptspta_main.o(.data)
    .data                                    0x20000088   Section        8  ptspta_main.o(.data)
    .data                                    0x20000090   Section        8  ptspta_main.o(.data)
    .data                                    0x20000098   Section        8  ptspta_main.o(.data)
    .data                                    0x200000a0   Section        8  ptspta_main.o(.data)
    .data                                    0x200000a8   Section        8  ptspta_main.o(.data)
    .data                                    0x200000b0   Section        8  ptspta_main.o(.data)
    .data                                    0x200000b8   Section        8  ptspta_main.o(.data)
    .data                                    0x200000c0   Section        8  ptspta_main.o(.data)
    .data                                    0x200000c8   Section        8  ptspta_main.o(.data)
    .data                                    0x200000d0   Section        8  ptspta_main.o(.data)
    .data                                    0x200000d8   Section        1  ptspta_main.o(.data)
    .data                                    0x200000d9   Section        1  ptspta_main.o(.data)
    .data                                    0x200000dc   Section        4  ptspta_main.o(.data)
    .data                                    0x200000e0   Section        4  ptspta_main.o(.data)
    .data                                    0x200000e4   Section        4  ptspta_main.o(.data)
    .data                                    0x200000e8   Section        1  ptspta_main.o(.data)
    .data                                    0x200000e9   Section        1  ptspta_main.o(.data)
    .data                                    0x200000ea   Section        1  ptspta_main.o(.data)
    .data                                    0x200000eb   Section        1  ptspta_main.o(.data)
    .data                                    0x200000ec   Section        1  ptspta_main.o(.data)
    .data                                    0x200000ed   Section        1  ptspta_main.o(.data)
    .data                                    0x200000ee   Section        1  ptspta_main.o(.data)
    .data                                    0x200000ef   Section        1  ptspta_main.o(.data)
    .data                                    0x200000f0   Section        4  ptspta_main.o(.data)
    .data                                    0x200000f4   Section        4  ptspta_main.o(.data)
    .data                                    0x200000f8   Section        4  ptspta_main.o(.data)
    .data                                    0x200000fc   Section        4  ptspta_main.o(.data)
    .data                                    0x20000100   Section        4  ptspta_main.o(.data)
    .data                                    0x20000104   Section        4  ptspta_main.o(.data)
    .data                                    0x20000108   Section        1  ptspta_main.o(.data)
    .data                                    0x2000010c   Section        4  ptspta_main.o(.data)
    .data                                    0x20000110   Section        4  ptspta_main.o(.data)
    .data                                    0x20000114   Section        4  ptspta_main.o(.data)
    .data                                    0x20000118   Section        1  ptspta_main.o(.data)
    .data                                    0x2000011c   Section        4  ptspta_main.o(.data)
    .data                                    0x20000120   Section        1  ptspta_main.o(.data)
    .data                                    0x20000121   Section        1  ptspta_main.o(.data)
    .data                                    0x20000122   Section        1  ptspta_main.o(.data)
    .data                                    0x20000123   Section        1  ptspta_main.o(.data)
    .data                                    0x20000124   Section        1  ptspta_main.o(.data)
    .data                                    0x20000125   Section        1  ptspta_main.o(.data)
    .data                                    0x20000128   Section       36  ptspta_protection.o(.data)
    S_TempOver_80_Cnt                        0x20000128   Data           4  ptspta_protection.o(.data)
    S_TempUnder_70_Cnt                       0x2000012c   Data           4  ptspta_protection.o(.data)
    S_TempOver_100_Cnt                       0x20000130   Data           4  ptspta_protection.o(.data)
    S_TempUnder_90_Cnt                       0x20000134   Data           4  ptspta_protection.o(.data)
    S_OverCurrentShortCnt                    0x20000138   Data           4  ptspta_protection.o(.data)
    S_OverCurrentOverLoadCnt                 0x2000013c   Data           4  ptspta_protection.o(.data)
    S_OverCurrentProtectCnt                  0x20000140   Data           4  ptspta_protection.o(.data)
    S_BatteryNormalCnt                       0x20000144   Data           4  ptspta_protection.o(.data)
    S_BatteryErrorCnt                        0x20000148   Data           4  ptspta_protection.o(.data)
    .data                                    0x2000014c   Section      124  pid.o(.data)
    .bss                                     0x200001c8   Section      120  ptspta_adc.o(.bss)
    S_u32VoltageTemp                         0x200001c8   Data         120  ptspta_adc.o(.bss)
    .bss                                     0x20000240   Section      132  pid.o(.bss)
    STACK                                    0x200002c8   Section      512  startup_m051series.o(STACK)

    Global Symbols

    Symbol Name                              Value     Ov Type        Size  Object(Section)

    BuildAttributes$$THM_ISAv3M$S$PE$A:L22$X:L11$S22$IEEE1$IW$USESV6$~STKCKD$USESV7$~SHL$OTIME$ROPI$EBA8$MICROLIB$REQ8$PRES8$EABIv2 0x00000000   Number         0  anon$$obj.o ABSOLUTE
    __ARM_use_no_argv                        0x00000000   Number         0  ptspta_main.o ABSOLUTE
    __Vectors                                0x00000000   Data           4  startup_m051series.o(RESET)
    _printf_a                                0x00000000   Number         0  stubs.o ABSOLUTE
    _printf_c                                0x00000000   Number         0  stubs.o ABSOLUTE
    _printf_charcount                        0x00000000   Number         0  stubs.o ABSOLUTE
    _printf_d                                0x00000000   Number         0  stubs.o ABSOLUTE
    _printf_e                                0x00000000   Number         0  stubs.o ABSOLUTE
    _printf_f                                0x00000000   Number         0  stubs.o ABSOLUTE
    _printf_flags                            0x00000000   Number         0  stubs.o ABSOLUTE
    _printf_fp_dec                           0x00000000   Number         0  stubs.o ABSOLUTE
    _printf_fp_hex                           0x00000000   Number         0  stubs.o ABSOLUTE
    _printf_g                                0x00000000   Number         0  stubs.o ABSOLUTE
    _printf_i                                0x00000000   Number         0  stubs.o ABSOLUTE
    _printf_int_dec                          0x00000000   Number         0  stubs.o ABSOLUTE
    _printf_l                                0x00000000   Number         0  stubs.o ABSOLUTE
    _printf_lc                               0x00000000   Number         0  stubs.o ABSOLUTE
    _printf_ll                               0x00000000   Number         0  stubs.o ABSOLUTE
    _printf_lld                              0x00000000   Number         0  stubs.o ABSOLUTE
    _printf_lli                              0x00000000   Number         0  stubs.o ABSOLUTE
    _printf_llo                              0x00000000   Number         0  stubs.o ABSOLUTE
    _printf_llu                              0x00000000   Number         0  stubs.o ABSOLUTE
    _printf_llx                              0x00000000   Number         0  stubs.o ABSOLUTE
    _printf_longlong_dec                     0x00000000   Number         0  stubs.o ABSOLUTE
    _printf_longlong_hex                     0x00000000   Number         0  stubs.o ABSOLUTE
    _printf_longlong_oct                     0x00000000   Number         0  stubs.o ABSOLUTE
    _printf_ls                               0x00000000   Number         0  stubs.o ABSOLUTE
    _printf_mbtowc                           0x00000000   Number         0  stubs.o ABSOLUTE
    _printf_n                                0x00000000   Number         0  stubs.o ABSOLUTE
    _printf_o                                0x00000000   Number         0  stubs.o ABSOLUTE
    _printf_p                                0x00000000   Number         0  stubs.o ABSOLUTE
    _printf_percent                          0x00000000   Number         0  stubs.o ABSOLUTE
    _printf_pre_padding                      0x00000000   Number         0  stubs.o ABSOLUTE
    _printf_return_value                     0x00000000   Number         0  stubs.o ABSOLUTE
    _printf_s                                0x00000000   Number         0  stubs.o ABSOLUTE
    _printf_sizespec                         0x00000000   Number         0  stubs.o ABSOLUTE
    _printf_str                              0x00000000   Number         0  stubs.o ABSOLUTE
    _printf_truncate_signed                  0x00000000   Number         0  stubs.o ABSOLUTE
    _printf_truncate_unsigned                0x00000000   Number         0  stubs.o ABSOLUTE
    _printf_u                                0x00000000   Number         0  stubs.o ABSOLUTE
    _printf_wc                               0x00000000   Number         0  stubs.o ABSOLUTE
    _printf_wctomb                           0x00000000   Number         0  stubs.o ABSOLUTE
    _printf_widthprec                        0x00000000   Number         0  stubs.o ABSOLUTE
    _printf_x                                0x00000000   Number         0  stubs.o ABSOLUTE
    __arm_fini_                               - Undefined Weak Reference
    __cpp_initialize__aeabi_                  - Undefined Weak Reference
    __cxa_finalize                            - Undefined Weak Reference
    __decompress                              - Undefined Weak Reference
    _clock_init                               - Undefined Weak Reference
    _microlib_exit                            - Undefined Weak Reference
    __main                                   0x000000c1   Thumb Code     0  entry.o(.ARM.Collect$$$$00000000)
    _main_stk                                0x000000c1   Thumb Code     0  entry2.o(.ARM.Collect$$$$00000001)
    _main_scatterload                        0x000000c5   Thumb Code     0  entry5.o(.ARM.Collect$$$$00000004)
    __main_after_scatterload                 0x000000c9   Thumb Code     0  entry5.o(.ARM.Collect$$$$00000004)
    _main_clock                              0x000000c9   Thumb Code     0  entry7b.o(.ARM.Collect$$$$00000008)
    _main_cpp_init                           0x000000c9   Thumb Code     0  entry8b.o(.ARM.Collect$$$$0000000A)
    _main_init                               0x000000c9   Thumb Code     0  entry9a.o(.ARM.Collect$$$$0000000B)
    __rt_lib_shutdown_fini                   0x000000d1   Thumb Code     0  entry12b.o(.ARM.Collect$$$$0000000E)
    __rt_final_cpp                           0x000000d5   Thumb Code     0  entry10a.o(.ARM.Collect$$$$0000000F)
    __rt_final_exit                          0x000000d5   Thumb Code     0  entry11a.o(.ARM.Collect$$$$00000011)
    HardFault_Handler                        0x000000d9   Thumb Code    24  retarget.o(.emb_text)
    Reset_Handler                            0x000000f5   Thumb Code    32  startup_m051series.o(.text)
    NMI_Handler                              0x00000115   Thumb Code     2  startup_m051series.o(.text)
    SVC_Handler                              0x00000119   Thumb Code     2  startup_m051series.o(.text)
    PendSV_Handler                           0x0000011b   Thumb Code     2  startup_m051series.o(.text)
    SysTick_Handler                          0x0000011d   Thumb Code     2  startup_m051series.o(.text)
    ACMP01_IRQHandler                        0x0000011f   Thumb Code     0  startup_m051series.o(.text)
    ACMP23_IRQHandler                        0x0000011f   Thumb Code     0  startup_m051series.o(.text)
    ADC_IRQHandler                           0x0000011f   Thumb Code     0  startup_m051series.o(.text)
    BOD_IRQHandler                           0x0000011f   Thumb Code     0  startup_m051series.o(.text)
    EINT1_IRQHandler                         0x0000011f   Thumb Code     0  startup_m051series.o(.text)
    I2C0_IRQHandler                          0x0000011f   Thumb Code     0  startup_m051series.o(.text)
    I2C1_IRQHandler                          0x0000011f   Thumb Code     0  startup_m051series.o(.text)
    PWMA_IRQHandler                          0x0000011f   Thumb Code     0  startup_m051series.o(.text)
    PWMB_IRQHandler                          0x0000011f   Thumb Code     0  startup_m051series.o(.text)
    PWRWU_IRQHandler                         0x0000011f   Thumb Code     0  startup_m051series.o(.text)
    RTC_IRQHandler                           0x0000011f   Thumb Code     0  startup_m051series.o(.text)
    SPI0_IRQHandler                          0x0000011f   Thumb Code     0  startup_m051series.o(.text)
    SPI1_IRQHandler                          0x0000011f   Thumb Code     0  startup_m051series.o(.text)
    TMR2_IRQHandler                          0x0000011f   Thumb Code     0  startup_m051series.o(.text)
    TMR3_IRQHandler                          0x0000011f   Thumb Code     0  startup_m051series.o(.text)
    UART0_IRQHandler                         0x0000011f   Thumb Code     0  startup_m051series.o(.text)
    UART1_IRQHandler                         0x0000011f   Thumb Code     0  startup_m051series.o(.text)
    WDT_IRQHandler                           0x0000011f   Thumb Code     0  startup_m051series.o(.text)
    __aeabi_uidiv                            0x00000141   Thumb Code     0  uidiv.o(.text)
    __aeabi_uidivmod                         0x00000141   Thumb Code    44  uidiv.o(.text)
    __aeabi_memcpy                           0x0000016d   Thumb Code    36  memcpya.o(.text)
    __aeabi_memcpy4                          0x0000016d   Thumb Code     0  memcpya.o(.text)
    __aeabi_memcpy8                          0x0000016d   Thumb Code     0  memcpya.o(.text)
    __ARM_scalbnf                            0x00000191   Thumb Code    24  fscalb.o(.text)
    scalbnf                                  0x00000191   Thumb Code     0  fscalb.o(.text)
    __aeabi_ui2f                             0x000001a9   Thumb Code    14  ffltui.o(.text)
    __aeabi_f2iz                             0x000001b7   Thumb Code    50  ffixi.o(.text)
    __aeabi_uldivmod                         0x000001e9   Thumb Code    96  uldiv.o(.text)
    __I$use$fp                               0x00000249   Thumb Code     0  iusefp.o(.text)
    _float_round                             0x00000249   Thumb Code    16  fepilogue.o(.text)
    _float_epilogue                          0x00000259   Thumb Code   114  fepilogue.o(.text)
    __scatterload                            0x000002cd   Thumb Code    28  init.o(.text)
    __scatterload_rt2                        0x000002cd   Thumb Code     0  init.o(.text)
    __aeabi_llsl                             0x000002f1   Thumb Code    32  llshl.o(.text)
    _ll_shift_l                              0x000002f1   Thumb Code     0  llshl.o(.text)
    __aeabi_llsr                             0x00000311   Thumb Code    34  llushr.o(.text)
    _ll_ushift_r                             0x00000311   Thumb Code     0  llushr.o(.text)
    ADC2Voltage                              0x00000335   Thumb Code    16  ptspta_adc.o(i.ADC2Voltage)
    ADC_Init                                 0x00000349   Thumb Code    46  ptspta_init.o(i.ADC_Init)
    ADC_Open                                 0x00000381   Thumb Code    28  adc.o(i.ADC_Open)
    Buzzer_LED_Behaving                      0x000003a5   Thumb Code   558  ptspta_inputoutput.o(i.Buzzer_LED_Behaving)
    CLK_EnableModuleClock                    0x0000064d   Thumb Code    24  clk.o(i.CLK_EnableModuleClock)
    CLK_EnablePLL                            0x00000669   Thumb Code   348  clk.o(i.CLK_EnablePLL)
    CLK_EnableXtalRC                         0x00000801   Thumb Code    10  clk.o(i.CLK_EnableXtalRC)
    CLK_SetCoreClock                         0x00000869   Thumb Code   112  clk.o(i.CLK_SetCoreClock)
    CLK_SetHCLK                              0x000008e1   Thumb Code    72  clk.o(i.CLK_SetHCLK)
    CLK_SetModuleClock                       0x0000092d   Thumb Code    76  clk.o(i.CLK_SetModuleClock)
    CLK_WaitClockReady                       0x000009fd   Thumb Code    34  clk.o(i.CLK_WaitClockReady)
    CheckDirection                           0x00000a29   Thumb Code   212  ptspta_inputoutput.o(i.CheckDirection)
    EINT0_IRQHandler                         0x00000b31   Thumb Code   244  ptspta_isr.o(i.EINT0_IRQHandler)
    EraseFlash                               0x00000c7d   Thumb Code    58  ptspta_fmc.o(i.EraseFlash)
    GPIOP0P1_IRQHandler                      0x00000cc1   Thumb Code  1108  ptspta_isr.o(i.GPIOP0P1_IRQHandler)
    GPIOP2P3P4_IRQHandler                    0x00001115   Thumb Code    46  ptspta_isr.o(i.GPIOP2P3P4_IRQHandler)
    GPIO_EnableInt                           0x00001179   Thumb Code    26  gpio.o(i.GPIO_EnableInt)
    GPIO_Init                                0x00001195   Thumb Code   608  ptspta_init.o(i.GPIO_Init)
    GPIO_SetMode                             0x00001431   Thumb Code    40  gpio.o(i.GPIO_SetMode)
    GetADCValue                              0x00001459   Thumb Code   314  ptspta_adc.o(i.GetADCValue)
    Hard_Fault_Handler                       0x000015c1   Thumb Code    16  retarget.o(i.Hard_Fault_Handler)
    I2C_Init                                 0x000015e9   Thumb Code    30  ptspta_init.o(i.I2C_Init)
    LED_Flicker_B                            0x00001611   Thumb Code   194  ptspta_isr.o(i.LED_Flicker_B)
    Motor                                    0x00001725   Thumb Code   224  ptspta_motor.o(i.Motor)
    MotorStart                               0x00001831   Thumb Code   256  ptspta_motor.o(i.MotorStart)
    Motor_Temperature_Check                  0x0000194d   Thumb Code   158  ptspta_protection.o(i.Motor_Temperature_Check)
    OverCurrent_Check                        0x00001a89   Thumb Code   174  ptspta_protection.o(i.OverCurrent_Check)
    PCB_Temperature_Check                    0x00001b61   Thumb Code   122  ptspta_protection.o(i.PCB_Temperature_Check)
    PID_ParamInit_HI_CCW                     0x00001c1d   Thumb Code    26  pid.o(i.PID_ParamInit_HI_CCW)
    PID_ParamInit_HI_CW                      0x00001c45   Thumb Code    26  pid.o(i.PID_ParamInit_HI_CW)
    PID_ParamInit_LO_CCW                     0x00001c6d   Thumb Code    24  pid.o(i.PID_ParamInit_LO_CCW)
    PID_ParamInit_LO_CW                      0x00001c95   Thumb Code    24  pid.o(i.PID_ParamInit_LO_CW)
    PWM_ConfigOutputChannel                  0x00001cbd   Thumb Code   298  pwm.o(i.PWM_ConfigOutputChannel)
    PWM_EnableOutput                         0x00001dfd   Thumb Code     8  pwm.o(i.PWM_EnableOutput)
    PWM_Init                                 0x00001e05   Thumb Code   214  ptspta_init.o(i.PWM_Init)
    PWM_Start                                0x00001f41   Thumb Code    38  pwm.o(i.PWM_Start)
    ReadFlashData                            0x00001f69   Thumb Code    44  ptspta_fmc.o(i.ReadFlashData)
    SYS_Init                                 0x00001f9d   Thumb Code    36  ptspta_main.o(i.SYS_Init)
    SYS_ResetModule                          0x00001fc5   Thumb Code    26  sys.o(i.SYS_ResetModule)
    SaveData2Flash                           0x00002001   Thumb Code    50  ptspta_fmc.o(i.SaveData2Flash)
    SendChar_ToUART                          0x0000203d   Thumb Code    26  retarget.o(i.SendChar_ToUART)
    SetPWMCMR                                0x0000205d   Thumb Code    12  ptspta_motor.o(i.SetPWMCMR)
    SpdPIDCalc_HI_CCW_Q16                    0x00002071   Thumb Code    92  pid.o(i.SpdPIDCalc_HI_CCW_Q16)
    SpdPIDCalc_HI_CW_Q16                     0x000020d9   Thumb Code    92  pid.o(i.SpdPIDCalc_HI_CW_Q16)
    SpdPIDCalc_LO_CCW_Q16                    0x00002141   Thumb Code    92  pid.o(i.SpdPIDCalc_LO_CCW_Q16)
    SpdPIDCalc_LO_CW_Q16                     0x000021a9   Thumb Code    92  pid.o(i.SpdPIDCalc_LO_CW_Q16)
    SystemCoreClockUpdate                    0x00002211   Thumb Code   116  system_m051series.o(i.SystemCoreClockUpdate)
    SystemInit                               0x000022a1   Thumb Code     2  system_m051series.o(i.SystemInit)
    TIMER_Init                               0x000022a5   Thumb Code   110  ptspta_init.o(i.TIMER_Init)
    TMR0_IRQHandler                          0x00002325   Thumb Code   590  ptspta_isr.o(i.TMR0_IRQHandler)
    TMR1_IRQHandler                          0x000025fd   Thumb Code  2676  ptspta_isr.o(i.TMR1_IRQHandler)
    UART0_Init                               0x00003071   Thumb Code    40  ptspta_init.o(i.UART0_Init)
    UART_Open                                0x000030a5   Thumb Code   120  uart.o(i.UART_Open)
    Variable_Init                            0x0000312d   Thumb Code   116  ptspta_init.o(i.Variable_Init)
    WDT_Init                                 0x00003205   Thumb Code    74  ptspta_init.o(i.WDT_Init)
    WDT_Open                                 0x00003259   Thumb Code    22  wdt.o(i.WDT_Open)
    __0printf$5                              0x00003275   Thumb Code    24  printf5.o(i.__0printf$5)
    __1printf$5                              0x00003275   Thumb Code     0  printf5.o(i.__0printf$5)
    __2printf                                0x00003275   Thumb Code     0  printf5.o(i.__0printf$5)
    __ARM_common_ll_mulss                    0x00003295   Thumb Code    48  pid.o(i.__ARM_common_ll_mulss)
    __ARM_common_switch8                     0x000032c5   Thumb Code    26  ptspta_inputoutput.o(i.__ARM_common_switch8)
    __scatterload_copy                       0x000032df   Thumb Code    14  handlers.o(i.__scatterload_copy)
    __scatterload_null                       0x000032ed   Thumb Code     2  handlers.o(i.__scatterload_null)
    __scatterload_zeroinit                   0x000032ef   Thumb Code    14  handlers.o(i.__scatterload_zeroinit)
    default_init                             0x000035d1   Thumb Code   124  pid.o(i.default_init)
    detect_enter_boot_speed_CCW_HI           0x0000366d   Thumb Code    52  pid.o(i.detect_enter_boot_speed_CCW_HI)
    detect_enter_boot_speed_CCW_LO           0x000036b1   Thumb Code    52  pid.o(i.detect_enter_boot_speed_CCW_LO)
    detect_enter_boot_speed_CW_HI            0x000036f5   Thumb Code    64  pid.o(i.detect_enter_boot_speed_CW_HI)
    detect_enter_boot_speed_CW_LO            0x00003749   Thumb Code    64  pid.o(i.detect_enter_boot_speed_CW_LO)
    fputc                                    0x0000379d   Thumb Code    12  retarget.o(i.fputc)
    main                                     0x000037a9   Thumb Code   406  ptspta_main.o(i.main)
    motor_algorithm_HI                       0x00003a41   Thumb Code   142  pid.o(i.motor_algorithm_HI)
    motor_algorithm_LO                       0x00003ae9   Thumb Code   142  pid.o(i.motor_algorithm_LO)
    parm_init                                0x00003b91   Thumb Code   112  pid.o(i.parm_init)
    pwm_clamp_to_uint                        0x00003c21   Thumb Code    18  pid.o(i.pwm_clamp_to_uint)
    gau32ClkSrcTbl                           0x00003ce0   Data          32  system_m051series.o(.constdata)
    Region$$Table$$Base                      0x00003dd8   Number         0  anon$$obj.o(Region$$Table)
    Region$$Table$$Limit                     0x00003df8   Number         0  anon$$obj.o(Region$$Table)
    SystemCoreClock                          0x20000000   Data           4  system_m051series.o(.data)
    CyclesPerUs                              0x20000004   Data           4  system_m051series.o(.data)
    PllClock                                 0x20000008   Data           4  system_m051series.o(.data)
    __stdout                                 0x2000000c   Data           4  retarget.o(.data)
    S_10ms                                   0x20000022   Data           1  ptspta_isr.o(.data)
    G_StallCnt                               0x20000050   Data           4  ptspta_isr.o(.data)
    StartCMR                                 0x20000054   Data           4  ptspta_isr.o(.data)
    S_MaxADC                                 0x20000058   Data           4  ptspta_isr.o(.data)
    S_MinADC                                 0x2000005c   Data           4  ptspta_isr.o(.data)
    L_TargetCount                            0x20000060   Data           4  ptspta_isr.o(.data)
    g_FoolProof                              0x20000064   Data           1  ptspta_main.o(.data)
    copy_StartButton                         0x20000065   Data           1  ptspta_main.o(.data)
    gu8StartSpeed                            0x20000066   Data           1  ptspta_main.o(.data)
    StartButton                              0x20000068   Data           4  ptspta_main.o(.data)
    gu32FastRpmQuarter                       0x2000006c   Data           4  ptspta_main.o(.data)
    gu32SlowRpmQuarter                       0x20000070   Data           4  ptspta_main.o(.data)
    G_Voltage_Battery                        0x20000074   Data           4  ptspta_main.o(.data)
    G_Count                                  0x20000078   Data           4  ptspta_main.o(.data)
    G_ID_Status                              0x2000007c   Data           4  ptspta_main.o(.data)
    TMR_MotorTempOverHeat_3S                 0x20000080   Data           8  ptspta_main.o(.data)
    TMR_PCBTempOverHeat_3S                   0x20000088   Data           8  ptspta_main.o(.data)
    TMR_PWROff_3S                            0x20000090   Data           8  ptspta_main.o(.data)
    TMR_PWROff_24S                           0x20000098   Data           8  ptspta_main.o(.data)
    TMR_Stop_10S                             0x200000a0   Data           8  ptspta_main.o(.data)
    TMR_MotorRuning_1Min                     0x200000a8   Data           8  ptspta_main.o(.data)
    TMR_ID_OK                                0x200000b0   Data           8  ptspta_main.o(.data)
    TMR_CalcRPM                              0x200000b8   Data           8  ptspta_main.o(.data)
    TMR_MotorStall                           0x200000c0   Data           8  ptspta_main.o(.data)
    TMR_ReStart300ms                         0x200000c8   Data           8  ptspta_main.o(.data)
    TMR_Double_Enalbe                        0x200000d0   Data           8  ptspta_main.o(.data)
    G_StartupDirectin                        0x200000d8   Data           1  ptspta_main.o(.data)
    G_Direction                              0x200000d9   Data           1  ptspta_main.o(.data)
    G_PwmCMR                                 0x200000dc   Data           4  ptspta_main.o(.data)
    G_ScrewRPM                               0x200000e0   Data           4  ptspta_main.o(.data)
    G_MotorRPM                               0x200000e4   Data           4  ptspta_main.o(.data)
    G_MotorStatus                            0x200000e8   Data           1  ptspta_main.o(.data)
    G_PCBStatus                              0x200000e9   Data           1  ptspta_main.o(.data)
    G_BatteryStatus                          0x200000ea   Data           1  ptspta_main.o(.data)
    G_Status_Item                            0x200000eb   Data           1  ptspta_main.o(.data)
    G_BuzzerLED                              0x200000ec   Data           1  ptspta_main.o(.data)
    G_ScrewLock                              0x200000ed   Data           1  ptspta_main.o(.data)
    G_IsFirstBtnDwn                          0x200000ee   Data           1  ptspta_main.o(.data)
    G_3STimeOut                              0x200000ef   Data           1  ptspta_main.o(.data)
    G_NTC_Motor                              0x200000f0   Data           4  ptspta_main.o(.data)
    G_NTC_PCB                                0x200000f4   Data           4  ptspta_main.o(.data)
    G_StartInAdc                             0x200000f8   Data           4  ptspta_main.o(.data)
    G_Current                                0x200000fc   Data           4  ptspta_main.o(.data)
    gu32MaxCurrent                           0x20000100   Data           4  ptspta_main.o(.data)
    gu32Current                              0x20000104   Data           4  ptspta_main.o(.data)
    gu8BrakeStop                             0x20000108   Data           1  ptspta_main.o(.data)
    gu32MAXPWM                               0x2000010c   Data           4  ptspta_main.o(.data)
    gu32MINPWM                               0x20000110   Data           4  ptspta_main.o(.data)
    gu32SlowRpmHalf                          0x20000114   Data           4  ptspta_main.o(.data)
    gu8TurboCnt                              0x20000118   Data           1  ptspta_main.o(.data)
    G_BrakeCurrent                           0x2000011c   Data           4  ptspta_main.o(.data)
    G_ClutchBrakFlow                         0x20000120   Data           1  ptspta_main.o(.data)
    G_Speed                                  0x20000121   Data           1  ptspta_main.o(.data)
    G_ReStar                                 0x20000122   Data           1  ptspta_main.o(.data)
    G_Flg_ButtonUp                           0x20000123   Data           1  ptspta_main.o(.data)
    G_Flg_ButtonDown                         0x20000124   Data           1  ptspta_main.o(.data)
    T_1ms222                                 0x20000125   Data           1  ptspta_main.o(.data)
    CW_HI_BootSpeed_Flag                     0x2000014c   Data           1  pid.o(.data)
    CW_LO_BootSpeed_Flag                     0x2000014d   Data           1  pid.o(.data)
    CCW_LO_BootSpeed_Flag                    0x2000014e   Data           1  pid.o(.data)
    CCW_HI_BootSpeed_Flag                    0x2000014f   Data           1  pid.o(.data)
    enter_boot_speed_mode                    0x20000150   Data           1  pid.o(.data)
    idx                                      0x20000151   Data           1  pid.o(.data)
    speed_idx                                0x20000152   Data           1  pid.o(.data)
    speed_idx2                               0x20000153   Data           1  pid.o(.data)
    prev_rpm_cw                              0x20000154   Data           2  pid.o(.data)
    prev_current_cw                          0x20000156   Data           2  pid.o(.data)
    prev_pwm_cw                              0x20000158   Data           2  pid.o(.data)
    prev_rpm_ccw                             0x2000015a   Data           2  pid.o(.data)
    prev_current_ccw                         0x2000015c   Data           2  pid.o(.data)
    rpm_now                                  0x2000015e   Data           2  pid.o(.data)
    rpm_prev                                 0x20000160   Data           2  pid.o(.data)
    current_now                              0x20000162   Data           2  pid.o(.data)
    current_prev                             0x20000164   Data           2  pid.o(.data)
    jump_pwm                                 0x20000168   Data           4  pid.o(.data)
    jump_pwm222                              0x2000016c   Data           4  pid.o(.data)
    bat                                      0x20000170   Data           4  pid.o(.data)
    iError_HI_CW                             0x20000174   Data           4  pid.o(.data)
    iError_HI_CCW                            0x20000178   Data           4  pid.o(.data)
    iError_LO_CW                             0x2000017c   Data           4  pid.o(.data)
    iError_LO_CCW                            0x20000180   Data           4  pid.o(.data)
    iIncpid_HI_CW                            0x20000184   Data           4  pid.o(.data)
    iIncpid_HI_CCW                           0x20000188   Data           4  pid.o(.data)
    iIncpid_LO_CW                            0x2000018c   Data           4  pid.o(.data)
    iIncpid_LO_CCW                           0x20000190   Data           4  pid.o(.data)
    temppwm                                  0x20000194   Data           4  pid.o(.data)
    temppwm222                               0x20000198   Data           4  pid.o(.data)
    LO_Loop                                  0x2000019c   Data           4  pid.o(.data)
    Enter_HI_Loop                            0x200001a0   Data           4  pid.o(.data)
    Enter_LO_Loop                            0x200001a4   Data           4  pid.o(.data)
    HI_Loop                                  0x200001a8   Data           4  pid.o(.data)
    oc_timestamp                             0x200001ac   Data           4  pid.o(.data)
    avg_current                              0x200001b0   Data           4  pid.o(.data)
    avg_speed                                0x200001b4   Data           4  pid.o(.data)
    avg_speed2                               0x200001b8   Data           4  pid.o(.data)
    varcount                                 0x200001bc   Data           4  pid.o(.data)
    HI_count_300ms                           0x200001c0   Data           4  pid.o(.data)
    LO_count_300ms                           0x200001c4   Data           4  pid.o(.data)
    current_buf                              0x20000240   Data          12  pid.o(.bss)
    speed_buf                                0x2000024c   Data          12  pid.o(.bss)
    speed_buf2                               0x20000258   Data          12  pid.o(.bss)
    sPID_LO_CW                               0x20000264   Data          24  pid.o(.bss)
    sPID_LO_CCW                              0x2000027c   Data          24  pid.o(.bss)
    sPID_HI_CW                               0x20000294   Data          24  pid.o(.bss)
    sPID_HI_CCW                              0x200002ac   Data          24  pid.o(.bss)
    __initial_sp                             0x200004c8   Data           0  startup_m051series.o(STACK)



==============================================================================

Memory Map of the image

  Image Entry point : 0x000000f5

  Load Region LR_1 (Base: 0x00000000, Size: 0x00003fc0, Max: 0xffffffff, ABSOLUTE)

    Execution Region ER_RO (Exec base: 0x00000000, Load base: 0x00000000, Size: 0x00003df8, Max: 0xffffffff, ABSOLUTE)

    Exec Addr    Load Addr    Size         Type   Attr      Idx    E Section Name        Object

    0x00000000   0x00000000   0x000000c0   Data   RO           88    RESET               startup_m051series.o
    0x000000c0   0x000000c0   0x00000000   Code   RO         1762  * .ARM.Collect$$$$00000000  mc_p.l(entry.o)
    0x000000c0   0x000000c0   0x00000004   Code   RO         2040    .ARM.Collect$$$$00000001  mc_p.l(entry2.o)
    0x000000c4   0x000000c4   0x00000004   Code   RO         2043    .ARM.Collect$$$$00000004  mc_p.l(entry5.o)
    0x000000c8   0x000000c8   0x00000000   Code   RO         2045    .ARM.Collect$$$$00000008  mc_p.l(entry7b.o)
    0x000000c8   0x000000c8   0x00000000   Code   RO         2047    .ARM.Collect$$$$0000000A  mc_p.l(entry8b.o)
    0x000000c8   0x000000c8   0x00000008   Code   RO         2048    .ARM.Collect$$$$0000000B  mc_p.l(entry9a.o)
    0x000000d0   0x000000d0   0x00000004   Code   RO         2055    .ARM.Collect$$$$0000000E  mc_p.l(entry12b.o)
    0x000000d4   0x000000d4   0x00000000   Code   RO         2050    .ARM.Collect$$$$0000000F  mc_p.l(entry10a.o)
    0x000000d4   0x000000d4   0x00000000   Code   RO         2052    .ARM.Collect$$$$00000011  mc_p.l(entry11a.o)
    0x000000d4   0x000000d4   0x00000004   Code   RO         2041    .ARM.Collect$$$$00002712  mc_p.l(entry2.o)
    0x000000d8   0x000000d8   0x0000001c   Code   RO           95    .emb_text           retarget.o
    0x000000f4   0x000000f4   0x0000004c   Code   RO           89  * .text               startup_m051series.o
    0x00000140   0x00000140   0x0000002c   Code   RO         1763    .text               mc_p.l(uidiv.o)
    0x0000016c   0x0000016c   0x00000024   Code   RO         1765    .text               mc_p.l(memcpya.o)
    0x00000190   0x00000190   0x00000018   Code   RO         2034    .text               mf_p.l(fscalb.o)
    0x000001a8   0x000001a8   0x0000000e   Code   RO         2036    .text               mf_p.l(ffltui.o)
    0x000001b6   0x000001b6   0x00000032   Code   RO         2038    .text               mf_p.l(ffixi.o)
    0x000001e8   0x000001e8   0x00000060   Code   RO         2056    .text               mc_p.l(uldiv.o)
    0x00000248   0x00000248   0x00000000   Code   RO         2058    .text               mc_p.l(iusefp.o)
    0x00000248   0x00000248   0x00000082   Code   RO         2059    .text               mf_p.l(fepilogue.o)
    0x000002ca   0x000002ca   0x00000002   PAD
    0x000002cc   0x000002cc   0x00000024   Code   RO         2071    .text               mc_p.l(init.o)
    0x000002f0   0x000002f0   0x00000020   Code   RO         2073    .text               mc_p.l(llshl.o)
    0x00000310   0x00000310   0x00000022   Code   RO         2075    .text               mc_p.l(llushr.o)
    0x00000332   0x00000332   0x00000002   PAD
    0x00000334   0x00000334   0x00000014   Code   RO         1029    i.ADC2Voltage       ptspta_adc.o
    0x00000348   0x00000348   0x00000038   Code   RO         1116    i.ADC_Init          ptspta_init.o
    0x00000380   0x00000380   0x00000024   Code   RO          742    i.ADC_Open          adc.o
    0x000003a4   0x000003a4   0x000002a8   Code   RO         1195    i.Buzzer_LED_Behaving  ptspta_inputoutput.o
    0x0000064c   0x0000064c   0x0000001c   Code   RO          244    i.CLK_EnableModuleClock  clk.o
    0x00000668   0x00000668   0x00000198   Code   RO          245    i.CLK_EnablePLL     clk.o
    0x00000800   0x00000800   0x00000010   Code   RO          247    i.CLK_EnableXtalRC  clk.o
    0x00000810   0x00000810   0x00000058   Code   RO          450    i.CLK_GetPLLClockFreq  uart.o
    0x00000868   0x00000868   0x00000078   Code   RO          254    i.CLK_SetCoreClock  clk.o
    0x000008e0   0x000008e0   0x0000004c   Code   RO          255    i.CLK_SetHCLK       clk.o
    0x0000092c   0x0000092c   0x00000050   Code   RO          256    i.CLK_SetModuleClock  clk.o
    0x0000097c   0x0000097c   0x00000040   Code   RO         1196    i.CLK_SysTickLongDelay  ptspta_inputoutput.o
    0x000009bc   0x000009bc   0x00000040   Code   RO         1258    i.CLK_SysTickLongDelay  ptspta_isr.o
    0x000009fc   0x000009fc   0x0000002c   Code   RO          258    i.CLK_WaitClockReady  clk.o
    0x00000a28   0x00000a28   0x00000108   Code   RO         1197    i.CheckDirection    ptspta_inputoutput.o
    0x00000b30   0x00000b30   0x0000014c   Code   RO         1259    i.EINT0_IRQHandler  ptspta_isr.o
    0x00000c7c   0x00000c7c   0x00000044   Code   RO         1070    i.EraseFlash        ptspta_fmc.o
    0x00000cc0   0x00000cc0   0x00000454   Code   RO         1260    i.GPIOP0P1_IRQHandler  ptspta_isr.o
    0x00001114   0x00001114   0x00000064   Code   RO         1261    i.GPIOP2P3P4_IRQHandler  ptspta_isr.o
    0x00001178   0x00001178   0x0000001a   Code   RO          192    i.GPIO_EnableInt    gpio.o
    0x00001192   0x00001192   0x00000002   PAD
    0x00001194   0x00001194   0x0000029c   Code   RO         1117    i.GPIO_Init         ptspta_init.o
    0x00001430   0x00001430   0x00000028   Code   RO          193    i.GPIO_SetMode      gpio.o
    0x00001458   0x00001458   0x00000168   Code   RO         1030    i.GetADCValue       ptspta_adc.o
    0x000015c0   0x000015c0   0x00000028   Code   RO           97    i.Hard_Fault_Handler  retarget.o
    0x000015e8   0x000015e8   0x00000028   Code   RO         1118    i.I2C_Init          ptspta_init.o
    0x00001610   0x00001610   0x00000114   Code   RO         1262    i.LED_Flicker_B     ptspta_isr.o
    0x00001724   0x00001724   0x0000010c   Code   RO         1460    i.Motor             ptspta_motor.o
    0x00001830   0x00001830   0x0000011c   Code   RO         1461    i.MotorStart        ptspta_motor.o
    0x0000194c   0x0000194c   0x000000e4   Code   RO         1545    i.Motor_Temperature_Check  ptspta_protection.o
    0x00001a30   0x00001a30   0x00000014   Code   RO         1119    i.NVIC_EnableIRQ    ptspta_init.o
    0x00001a44   0x00001a44   0x00000044   Code   RO         1346    i.NVIC_SetPriority  ptspta_main.o
    0x00001a88   0x00001a88   0x000000d8   Code   RO         1546    i.OverCurrent_Check  ptspta_protection.o
    0x00001b60   0x00001b60   0x000000bc   Code   RO         1547    i.PCB_Temperature_Check  ptspta_protection.o
    0x00001c1c   0x00001c1c   0x00000028   Code   RO         1584    i.PID_ParamInit_HI_CCW  pid.o
    0x00001c44   0x00001c44   0x00000028   Code   RO         1585    i.PID_ParamInit_HI_CW  pid.o
    0x00001c6c   0x00001c6c   0x00000028   Code   RO         1586    i.PID_ParamInit_LO_CCW  pid.o
    0x00001c94   0x00001c94   0x00000028   Code   RO         1587    i.PID_ParamInit_LO_CW  pid.o
    0x00001cbc   0x00001cbc   0x00000140   Code   RO          565    i.PWM_ConfigOutputChannel  pwm.o
    0x00001dfc   0x00001dfc   0x00000008   Code   RO          578    i.PWM_EnableOutput  pwm.o
    0x00001e04   0x00001e04   0x0000013c   Code   RO         1120    i.PWM_Init          ptspta_init.o
    0x00001f40   0x00001f40   0x00000026   Code   RO          585    i.PWM_Start         pwm.o
    0x00001f66   0x00001f66   0x00000002   PAD
    0x00001f68   0x00001f68   0x00000034   Code   RO         1071    i.ReadFlashData     ptspta_fmc.o
    0x00001f9c   0x00001f9c   0x00000028   Code   RO         1347    i.SYS_Init          ptspta_main.o
    0x00001fc4   0x00001fc4   0x0000001a   Code   RO          385    i.SYS_ResetModule   sys.o
    0x00001fde   0x00001fde   0x00000002   PAD
    0x00001fe0   0x00001fe0   0x00000020   Code   RO         1072    i.SYS_UnlockReg     ptspta_fmc.o
    0x00002000   0x00002000   0x0000003c   Code   RO         1073    i.SaveData2Flash    ptspta_fmc.o
    0x0000203c   0x0000203c   0x00000020   Code   RO          100    i.SendChar_ToUART   retarget.o
    0x0000205c   0x0000205c   0x00000014   Code   RO         1462    i.SetPWMCMR         ptspta_motor.o
    0x00002070   0x00002070   0x00000068   Code   RO         1588    i.SpdPIDCalc_HI_CCW_Q16  pid.o
    0x000020d8   0x000020d8   0x00000068   Code   RO         1589    i.SpdPIDCalc_HI_CW_Q16  pid.o
    0x00002140   0x00002140   0x00000068   Code   RO         1590    i.SpdPIDCalc_LO_CCW_Q16  pid.o
    0x000021a8   0x000021a8   0x00000068   Code   RO         1591    i.SpdPIDCalc_LO_CW_Q16  pid.o
    0x00002210   0x00002210   0x00000090   Code   RO            3    i.SystemCoreClockUpdate  system_m051series.o
    0x000022a0   0x000022a0   0x00000002   Code   RO            4    i.SystemInit        system_m051series.o
    0x000022a2   0x000022a2   0x00000002   PAD
    0x000022a4   0x000022a4   0x00000080   Code   RO         1121    i.TIMER_Init        ptspta_init.o
    0x00002324   0x00002324   0x000002d8   Code   RO         1264    i.TMR0_IRQHandler   ptspta_isr.o
    0x000025fc   0x000025fc   0x00000a74   Code   RO         1265    i.TMR1_IRQHandler   ptspta_isr.o
    0x00003070   0x00003070   0x00000034   Code   RO         1122    i.UART0_Init        ptspta_init.o
    0x000030a4   0x000030a4   0x00000088   Code   RO          457    i.UART_Open         uart.o
    0x0000312c   0x0000312c   0x000000d8   Code   RO         1123    i.Variable_Init     ptspta_init.o
    0x00003204   0x00003204   0x00000054   Code   RO         1124    i.WDT_Init          ptspta_init.o
    0x00003258   0x00003258   0x0000001c   Code   RO         1009    i.WDT_Open          wdt.o
    0x00003274   0x00003274   0x00000020   Code   RO         1902    i.__0printf$5       mc_p.l(printf5.o)
    0x00003294   0x00003294   0x00000030   Code   RO         1749    i.__ARM_common_ll_mulss  pid.o
    0x000032c4   0x000032c4   0x0000001a   Code   RO         1235    i.__ARM_common_switch8  ptspta_inputoutput.o
    0x000032de   0x000032de   0x0000000e   Code   RO         2085    i.__scatterload_copy  mc_p.l(handlers.o)
    0x000032ec   0x000032ec   0x00000002   Code   RO         2086    i.__scatterload_null  mc_p.l(handlers.o)
    0x000032ee   0x000032ee   0x0000000e   Code   RO         2087    i.__scatterload_zeroinit  mc_p.l(handlers.o)
    0x000032fc   0x000032fc   0x000002d4   Code   RO         1909    i._printf_core      mc_p.l(printf5.o)
    0x000035d0   0x000035d0   0x0000009c   Code   RO         1595    i.default_init      pid.o
    0x0000366c   0x0000366c   0x00000044   Code   RO         1597    i.detect_enter_boot_speed_CCW_HI  pid.o
    0x000036b0   0x000036b0   0x00000044   Code   RO         1598    i.detect_enter_boot_speed_CCW_LO  pid.o
    0x000036f4   0x000036f4   0x00000054   Code   RO         1599    i.detect_enter_boot_speed_CW_HI  pid.o
    0x00003748   0x00003748   0x00000054   Code   RO         1600    i.detect_enter_boot_speed_CW_LO  pid.o
    0x0000379c   0x0000379c   0x0000000c   Code   RO          104    i.fputc             retarget.o
    0x000037a8   0x000037a8   0x00000298   Code   RO         1348    i.main              ptspta_main.o
    0x00003a40   0x00003a40   0x000000a8   Code   RO         1601    i.motor_algorithm_HI  pid.o
    0x00003ae8   0x00003ae8   0x000000a8   Code   RO         1602    i.motor_algorithm_LO  pid.o
    0x00003b90   0x00003b90   0x00000090   Code   RO         1604    i.parm_init         pid.o
    0x00003c20   0x00003c20   0x00000018   Code   RO         1605    i.pwm_clamp_to_uint  pid.o
    0x00003c38   0x00003c38   0x000000a8   Code   RO          106    i.stackDump         retarget.o
    0x00003ce0   0x00003ce0   0x00000020   Data   RO            5    .constdata          system_m051series.o
    0x00003d00   0x00003d00   0x00000030   Data   RO          465    .constdata          uart.o
    0x00003d30   0x00003d30   0x000000a8   Data   RO          587    .constdata          pwm.o
    0x00003dd8   0x00003dd8   0x00000020   Data   RO         2083    Region$$Table       anon$$obj.o


    Execution Region ER_RW (Exec base: 0x20000000, Load base: 0x00003df8, Size: 0x000001c8, Max: 0xffffffff, ABSOLUTE)

    Exec Addr    Load Addr    Size         Type   Attr      Idx    E Section Name        Object

    0x20000000   0x00003df8   0x0000000c   Data   RW            6    .data               system_m051series.o
    0x2000000c   0x00003e04   0x00000004   Data   RW          107    .data               retarget.o
    0x20000010   0x00003e08   0x00000002   Data   RW         1032    .data               ptspta_adc.o
    0x20000012   0x00003e0a   0x00000002   PAD
    0x20000014   0x00003e0c   0x0000000c   Data   RW         1200    .data               ptspta_inputoutput.o
    0x20000020   0x00003e18   0x00000040   Data   RW         1270    .data               ptspta_isr.o
    0x20000060   0x00003e58   0x00000004   Data   RW         1273    .data               ptspta_isr.o
    0x20000064   0x00003e5c   0x00000014   Data   RW         1351    .data               ptspta_main.o
    0x20000078   0x00003e70   0x00000004   Data   RW         1355    .data               ptspta_main.o
    0x2000007c   0x00003e74   0x00000004   Data   RW         1356    .data               ptspta_main.o
    0x20000080   0x00003e78   0x00000008   Data   RW         1357    .data               ptspta_main.o
    0x20000088   0x00003e80   0x00000008   Data   RW         1358    .data               ptspta_main.o
    0x20000090   0x00003e88   0x00000008   Data   RW         1359    .data               ptspta_main.o
    0x20000098   0x00003e90   0x00000008   Data   RW         1360    .data               ptspta_main.o
    0x200000a0   0x00003e98   0x00000008   Data   RW         1361    .data               ptspta_main.o
    0x200000a8   0x00003ea0   0x00000008   Data   RW         1362    .data               ptspta_main.o
    0x200000b0   0x00003ea8   0x00000008   Data   RW         1363    .data               ptspta_main.o
    0x200000b8   0x00003eb0   0x00000008   Data   RW         1364    .data               ptspta_main.o
    0x200000c0   0x00003eb8   0x00000008   Data   RW         1365    .data               ptspta_main.o
    0x200000c8   0x00003ec0   0x00000008   Data   RW         1366    .data               ptspta_main.o
    0x200000d0   0x00003ec8   0x00000008   Data   RW         1367    .data               ptspta_main.o
    0x200000d8   0x00003ed0   0x00000001   Data   RW         1368    .data               ptspta_main.o
    0x200000d9   0x00003ed1   0x00000001   Data   RW         1369    .data               ptspta_main.o
    0x200000da   0x00003ed2   0x00000002   PAD
    0x200000dc   0x00003ed4   0x00000004   Data   RW         1371    .data               ptspta_main.o
    0x200000e0   0x00003ed8   0x00000004   Data   RW         1372    .data               ptspta_main.o
    0x200000e4   0x00003edc   0x00000004   Data   RW         1373    .data               ptspta_main.o
    0x200000e8   0x00003ee0   0x00000001   Data   RW         1375    .data               ptspta_main.o
    0x200000e9   0x00003ee1   0x00000001   Data   RW         1376    .data               ptspta_main.o
    0x200000ea   0x00003ee2   0x00000001   Data   RW         1377    .data               ptspta_main.o
    0x200000eb   0x00003ee3   0x00000001   Data   RW         1378    .data               ptspta_main.o
    0x200000ec   0x00003ee4   0x00000001   Data   RW         1380    .data               ptspta_main.o
    0x200000ed   0x00003ee5   0x00000001   Data   RW         1381    .data               ptspta_main.o
    0x200000ee   0x00003ee6   0x00000001   Data   RW         1383    .data               ptspta_main.o
    0x200000ef   0x00003ee7   0x00000001   Data   RW         1384    .data               ptspta_main.o
    0x200000f0   0x00003ee8   0x00000004   Data   RW         1385    .data               ptspta_main.o
    0x200000f4   0x00003eec   0x00000004   Data   RW         1386    .data               ptspta_main.o
    0x200000f8   0x00003ef0   0x00000004   Data   RW         1388    .data               ptspta_main.o
    0x200000fc   0x00003ef4   0x00000004   Data   RW         1389    .data               ptspta_main.o
    0x20000100   0x00003ef8   0x00000004   Data   RW         1390    .data               ptspta_main.o
    0x20000104   0x00003efc   0x00000004   Data   RW         1391    .data               ptspta_main.o
    0x20000108   0x00003f00   0x00000001   Data   RW         1392    .data               ptspta_main.o
    0x20000109   0x00003f01   0x00000003   PAD
    0x2000010c   0x00003f04   0x00000004   Data   RW         1393    .data               ptspta_main.o
    0x20000110   0x00003f08   0x00000004   Data   RW         1394    .data               ptspta_main.o
    0x20000114   0x00003f0c   0x00000004   Data   RW         1395    .data               ptspta_main.o
    0x20000118   0x00003f10   0x00000001   Data   RW         1396    .data               ptspta_main.o
    0x20000119   0x00003f11   0x00000003   PAD
    0x2000011c   0x00003f14   0x00000004   Data   RW         1397    .data               ptspta_main.o
    0x20000120   0x00003f18   0x00000001   Data   RW         1398    .data               ptspta_main.o
    0x20000121   0x00003f19   0x00000001   Data   RW         1399    .data               ptspta_main.o
    0x20000122   0x00003f1a   0x00000001   Data   RW         1401    .data               ptspta_main.o
    0x20000123   0x00003f1b   0x00000001   Data   RW         1402    .data               ptspta_main.o
    0x20000124   0x00003f1c   0x00000001   Data   RW         1403    .data               ptspta_main.o
    0x20000125   0x00003f1d   0x00000001   Data   RW         1405    .data               ptspta_main.o
    0x20000126   0x00003f1e   0x00000002   PAD
    0x20000128   0x00003f20   0x00000024   Data   RW         1548    .data               ptspta_protection.o
    0x2000014c   0x00003f44   0x0000007c   Data   RW         1608    .data               pid.o


    Execution Region ER_ZI (Exec base: 0x200001c8, Load base: 0x00003fc0, Size: 0x00000300, Max: 0xffffffff, ABSOLUTE)

    Exec Addr    Load Addr    Size         Type   Attr      Idx    E Section Name        Object

    0x200001c8        -       0x00000078   Zero   RW         1031    .bss                ptspta_adc.o
    0x20000240        -       0x00000084   Zero   RW         1607    .bss                pid.o
    0x200002c4   0x00003fc0   0x00000004   PAD
    0x200002c8        -       0x00000200   Zero   RW           86    STACK               startup_m051series.o


==============================================================================

Image component sizes


      Code (inc. data)   RO Data    RW Data    ZI Data      Debug   Object Name

        36          8          0          0          0        939   adc.o
       772         96          0          0          0       5959   clk.o
        66          0          0          0          0      52172   gpio.o
      1588        302          0        124        132      14308   pid.o
       380         50          0          2        120       7796   ptspta_adc.o
       212         34          0          0          0      13626   ptspta_fmc.o
      1580        328          0          0          0      24378   ptspta_init.o
      1034        206          0         12          0       7918   ptspta_inputoutput.o
      5284       1130          0         68          0      13034   ptspta_isr.o
       772        270          0        186          0      12097   ptspta_main.o
       572         90          0          0          0      14701   ptspta_motor.o
       632        178          0         36          0       2937   ptspta_protection.o
       366         22        168          0          0       2821   pwm.o
       280        132          0          4          0       4606   retarget.o
        76         32        192          0        512        656   startup_m051series.o
        26          0          0          0          0        502   sys.o
       146         28         32         12          0      63619   system_m051series.o
       224         34         48          0          0       7708   uart.o
        28          6          0          0          0        643   wdt.o

    ----------------------------------------------------------------------
     14082       2946        472        456        768     250420   Object Totals
         0          0         32          0          0          0   (incl. Generated)
         8          0          0         12          4          0   (incl. Padding)

    ----------------------------------------------------------------------

      Code (inc. data)   RO Data    RW Data    ZI Data      Debug   Library Member Name

         0          0          0          0          0          0   entry.o
         0          0          0          0          0          0   entry10a.o
         0          0          0          0          0          0   entry11a.o
         4          0          0          0          0          0   entry12b.o
         8          4          0          0          0          0   entry2.o
         4          0          0          0          0          0   entry5.o
         0          0          0          0          0          0   entry7b.o
         0          0          0          0          0          0   entry8b.o
         8          4          0          0          0          0   entry9a.o
        30          0          0          0          0          0   handlers.o
        36          8          0          0          0         68   init.o
         0          0          0          0          0          0   iusefp.o
        32          0          0          0          0         68   llshl.o
        34          0          0          0          0         68   llushr.o
        36          0          0          0          0         60   memcpya.o
       756         52          0          0          0        168   printf5.o
        44          0          0          0          0         72   uidiv.o
        96          0          0          0          0         84   uldiv.o
       130          0          0          0          0        144   fepilogue.o
        50          0          0          0          0         60   ffixi.o
        14          0          0          0          0         68   ffltui.o
        24          0          0          0          0         60   fscalb.o

    ----------------------------------------------------------------------
      1310         68          0          0          0        920   Library Totals
         4          0          0          0          0          0   (incl. Padding)

    ----------------------------------------------------------------------

      Code (inc. data)   RO Data    RW Data    ZI Data      Debug   Library Name

      1088         68          0          0          0        588   mc_p.l
       218          0          0          0          0        332   mf_p.l

    ----------------------------------------------------------------------
      1310         68          0          0          0        920   Library Totals

    ----------------------------------------------------------------------

==============================================================================


      Code (inc. data)   RO Data    RW Data    ZI Data      Debug   

     15392       3014        472        456        768     247788   Grand Totals
     15392       3014        472        456        768     247788   ELF Image Totals
     15392       3014        472        456          0          0   ROM Totals

==============================================================================

    Total RO  Size (Code + RO Data)                15864 (  15.49kB)
    Total RW  Size (RW Data + ZI Data)              1224 (   1.20kB)
    Total ROM Size (Code + RO Data + RW Data)      16320 (  15.94kB)

==============================================================================

